Archive member included to satisfy reference by file (symbol)

c:/siliconlabs/simplicitystudio/v4/developer/toolchains/gnu_arm/7.2_2017q4/bin/../lib/gcc/arm-none-eabi/7.2.1/thumb/v7-m\libgcc.a(_aeabi_uldivmod.o)
                              ./emlib/em_usart.o (__aeabi_uldivmod)
c:/siliconlabs/simplicitystudio/v4/developer/toolchains/gnu_arm/7.2_2017q4/bin/../lib/gcc/arm-none-eabi/7.2.1/thumb/v7-m\libgcc.a(_udivmoddi4.o)
                              c:/siliconlabs/simplicitystudio/v4/developer/toolchains/gnu_arm/7.2_2017q4/bin/../lib/gcc/arm-none-eabi/7.2.1/thumb/v7-m\libgcc.a(_aeabi_uldivmod.o) (__udivmoddi4)
c:/siliconlabs/simplicitystudio/v4/developer/toolchains/gnu_arm/7.2_2017q4/bin/../lib/gcc/arm-none-eabi/7.2.1/thumb/v7-m\libgcc.a(_dvmd_tls.o)
                              c:/siliconlabs/simplicitystudio/v4/developer/toolchains/gnu_arm/7.2_2017q4/bin/../lib/gcc/arm-none-eabi/7.2.1/thumb/v7-m\libgcc.a(_aeabi_uldivmod.o) (__aeabi_ldiv0)
c:/siliconlabs/simplicitystudio/v4/developer/toolchains/gnu_arm/7.2_2017q4/bin/../lib/gcc/arm-none-eabi/7.2.1/../../../../arm-none-eabi/lib/thumb/v7-m\libc_nano.a(lib_a-abs.o)
                              ./Drivers/segmentlcd.o (abs)
c:/siliconlabs/simplicitystudio/v4/developer/toolchains/gnu_arm/7.2_2017q4/bin/../lib/gcc/arm-none-eabi/7.2.1/../../../../arm-none-eabi/lib/thumb/v7-m\libc_nano.a(lib_a-exit.o)
                              c:/siliconlabs/simplicitystudio/v4/developer/toolchains/gnu_arm/7.2_2017q4/bin/../lib/gcc/arm-none-eabi/7.2.1/../../../../arm-none-eabi/lib/thumb/v7-m/crt0.o (exit)
c:/siliconlabs/simplicitystudio/v4/developer/toolchains/gnu_arm/7.2_2017q4/bin/../lib/gcc/arm-none-eabi/7.2.1/../../../../arm-none-eabi/lib/thumb/v7-m\libc_nano.a(lib_a-impure.o)
                              c:/siliconlabs/simplicitystudio/v4/developer/toolchains/gnu_arm/7.2_2017q4/bin/../lib/gcc/arm-none-eabi/7.2.1/../../../../arm-none-eabi/lib/thumb/v7-m\libc_nano.a(lib_a-exit.o) (_global_impure_ptr)
c:/siliconlabs/simplicitystudio/v4/developer/toolchains/gnu_arm/7.2_2017q4/bin/../lib/gcc/arm-none-eabi/7.2.1/../../../../arm-none-eabi/lib/thumb/v7-m\libc_nano.a(lib_a-init.o)
                              c:/siliconlabs/simplicitystudio/v4/developer/toolchains/gnu_arm/7.2_2017q4/bin/../lib/gcc/arm-none-eabi/7.2.1/../../../../arm-none-eabi/lib/thumb/v7-m/crt0.o (__libc_init_array)
c:/siliconlabs/simplicitystudio/v4/developer/toolchains/gnu_arm/7.2_2017q4/bin/../lib/gcc/arm-none-eabi/7.2.1/../../../../arm-none-eabi/lib/thumb/v7-m\libc_nano.a(lib_a-memcpy-stub.o)
                              ./FreeRTOS/efm32gg/queue.o (memcpy)
c:/siliconlabs/simplicitystudio/v4/developer/toolchains/gnu_arm/7.2_2017q4/bin/../lib/gcc/arm-none-eabi/7.2.1/../../../../arm-none-eabi/lib/thumb/v7-m\libc_nano.a(lib_a-memset.o)
                              c:/siliconlabs/simplicitystudio/v4/developer/toolchains/gnu_arm/7.2_2017q4/bin/../lib/gcc/arm-none-eabi/7.2.1/../../../../arm-none-eabi/lib/thumb/v7-m/crt0.o (memset)
c:/siliconlabs/simplicitystudio/v4/developer/toolchains/gnu_arm/7.2_2017q4/bin/../lib/gcc/arm-none-eabi/7.2.1/../../../../arm-none-eabi/lib/thumb/v7-m\libc_nano.a(lib_a-sprintf.o)
                              ./src/playground.o (sprintf)
c:/siliconlabs/simplicitystudio/v4/developer/toolchains/gnu_arm/7.2_2017q4/bin/../lib/gcc/arm-none-eabi/7.2.1/../../../../arm-none-eabi/lib/thumb/v7-m\libc_nano.a(lib_a-strlen.o)
                              ./Drivers/segmentlcd.o (strlen)
c:/siliconlabs/simplicitystudio/v4/developer/toolchains/gnu_arm/7.2_2017q4/bin/../lib/gcc/arm-none-eabi/7.2.1/../../../../arm-none-eabi/lib/thumb/v7-m\libc_nano.a(lib_a-nano-svfprintf.o)
                              c:/siliconlabs/simplicitystudio/v4/developer/toolchains/gnu_arm/7.2_2017q4/bin/../lib/gcc/arm-none-eabi/7.2.1/../../../../arm-none-eabi/lib/thumb/v7-m\libc_nano.a(lib_a-sprintf.o) (_svfprintf_r)
c:/siliconlabs/simplicitystudio/v4/developer/toolchains/gnu_arm/7.2_2017q4/bin/../lib/gcc/arm-none-eabi/7.2.1/../../../../arm-none-eabi/lib/thumb/v7-m\libc_nano.a(lib_a-nano-vfprintf_i.o)
                              c:/siliconlabs/simplicitystudio/v4/developer/toolchains/gnu_arm/7.2_2017q4/bin/../lib/gcc/arm-none-eabi/7.2.1/../../../../arm-none-eabi/lib/thumb/v7-m\libc_nano.a(lib_a-nano-svfprintf.o) (_printf_i)
c:/siliconlabs/simplicitystudio/v4/developer/toolchains/gnu_arm/7.2_2017q4/bin/../lib/gcc/arm-none-eabi/7.2.1/../../../../arm-none-eabi/lib/thumb/v7-m\libc_nano.a(lib_a-memchr-stub.o)
                              c:/siliconlabs/simplicitystudio/v4/developer/toolchains/gnu_arm/7.2_2017q4/bin/../lib/gcc/arm-none-eabi/7.2.1/../../../../arm-none-eabi/lib/thumb/v7-m\libc_nano.a(lib_a-nano-svfprintf.o) (memchr)
c:/siliconlabs/simplicitystudio/v4/developer/toolchains/gnu_arm/7.2_2017q4/bin/../lib/gcc/arm-none-eabi/7.2.1/../../../../arm-none-eabi/lib/thumb/v7-m\libc_nano.a(lib_a-memmove.o)
[...]
Memory Configuration

Name             Origin             Length             Attributes
FLASH            0x00000000         0x00100000         xr
RAM              0x20000000         0x00020000         xrw
*default*        0x00000000         0xffffffff

Linker script and memory map

LOAD c:/siliconlabs/simplicitystudio/v4/developer/toolchains/gnu_arm/7.2_2017q4/bin/../lib/gcc/arm-none-eabi/7.2.1/thumb/v7-m/crti.o
LOAD c:/siliconlabs/simplicitystudio/v4/developer/toolchains/gnu_arm/7.2_2017q4/bin/../lib/gcc/arm-none-eabi/7.2.1/thumb/v7-m/crtbegin.o
LOAD c:/siliconlabs/simplicitystudio/v4/developer/toolchains/gnu_arm/7.2_2017q4/bin/../lib/gcc/arm-none-eabi/7.2.1/../../../../arm-none-eabi/lib/thumb/v7-m/crt0.o
LOAD ./BSP/bsp_stk_leds.o
LOAD ./BSP/bsp_trace.o
LOAD ./CMSIS/EFM32GG/startup_gcc_efm32gg.o
LOAD ./CMSIS/EFM32GG/system_efm32gg.o
LOAD ./Drivers/segmentlcd.o
LOAD ./Drivers/sleep.o
LOAD ./FreeRTOS/efm32gg/croutine.o
LOAD ./FreeRTOS/efm32gg/event_groups.o
LOAD ./FreeRTOS/efm32gg/heap_1.o
LOAD ./FreeRTOS/efm32gg/list.o
LOAD ./FreeRTOS/efm32gg/port_gcc.o
LOAD ./FreeRTOS/efm32gg/queue.o
LOAD ./FreeRTOS/efm32gg/tasks.o
LOAD ./FreeRTOS/efm32gg/timers.o
LOAD ./emlib/em_assert.o
LOAD ./emlib/em_burtc.o
LOAD ./emlib/em_cmu.o
LOAD ./emlib/em_core.o
LOAD ./emlib/em_emu.o
LOAD ./emlib/em_gpio.o
LOAD ./emlib/em_lcd.o
LOAD ./emlib/em_rmu.o
LOAD ./emlib/em_rtc.o
LOAD ./emlib/em_system.o
LOAD ./emlib/em_usart.o
LOAD ./src/lcd.o
LOAD ./src/low_power_tick_management.o
LOAD ./src/main.o
LOAD ./src/movement.o
LOAD ./src/playground.o
LOAD ./src/segmentlcd_individual.o
START GROUP
LOAD c:/siliconlabs/simplicitystudio/v4/developer/toolchains/gnu_arm/7.2_2017q4/bin/../lib/gcc/arm-none-eabi/7.2.1/thumb/v7-m\libgcc.a
LOAD c:/siliconlabs/simplicitystudio/v4/developer/toolchains/gnu_arm/7.2_2017q4/bin/../lib/gcc/arm-none-eabi/7.2.1/../../../../arm-none-eabi/lib/thumb/v7-m\libc_nano.a
LOAD c:/siliconlabs/simplicitystudio/v4/developer/toolchains/gnu_arm/7.2_2017q4/bin/../lib/gcc/arm-none-eabi/7.2.1/../../../../arm-none-eabi/lib/thumb/v7-m\libnosys.a
END GROUP
START GROUP
LOAD c:/siliconlabs/simplicitystudio/v4/developer/toolchains/gnu_arm/7.2_2017q4/bin/../lib/gcc/arm-none-eabi/7.2.1/thumb/v7-m\libgcc.a
LOAD c:/siliconlabs/simplicitystudio/v4/developer/toolchains/gnu_arm/7.2_2017q4/bin/../lib/gcc/arm-none-eabi/7.2.1/../../../../arm-none-eabi/lib/thumb/v7-m\libg_nano.a
LOAD c:/siliconlabs/simplicitystudio/v4/developer/toolchains/gnu_arm/7.2_2017q4/bin/../lib/gcc/arm-none-eabi/7.2.1/../../../../arm-none-eabi/lib/thumb/v7-m\libc_nano.a
END GROUP
START GROUP
LOAD c:/siliconlabs/simplicitystudio/v4/developer/toolchains/gnu_arm/7.2_2017q4/bin/../lib/gcc/arm-none-eabi/7.2.1/thumb/v7-m\libgcc.a
LOAD c:/siliconlabs/simplicitystudio/v4/developer/toolchains/gnu_arm/7.2_2017q4/bin/../lib/gcc/arm-none-eabi/7.2.1/../../../../arm-none-eabi/lib/thumb/v7-m\libc_nano.a
END GROUP
LOAD c:/siliconlabs/simplicitystudio/v4/developer/toolchains/gnu_arm/7.2_2017q4/bin/../lib/gcc/arm-none-eabi/7.2.1/thumb/v7-m/crtend.o
LOAD c:/siliconlabs/simplicitystudio/v4/developer/toolchains/gnu_arm/7.2_2017q4/bin/../lib/gcc/arm-none-eabi/7.2.1/thumb/v7-m/crtn.o

.text           0x00000000     0x6e70
 *(.vectors)
 .vectors       0x00000000       0xdc ./CMSIS/EFM32GG/startup_gcc_efm32gg.o
                0x00000000                __Vectors
                0x000000dc                __Vectors_End = .
                0x000000dc                __Vectors_Size = (__Vectors_End - __Vectors)
                0x000000dc                __end__ = .
 *(.text*)
 .text          0x000000dc       0x40 c:/siliconlabs/simplicitystudio/v4/developer/toolchains/gnu_arm/7.2_2017q4/bin/../lib/gcc/arm-none-eabi/7.2.1/thumb/v7-m/crtbegin.o
 .text          0x0000011c       0x74 c:/siliconlabs/simplicitystudio/v4/developer/toolchains/gnu_arm/7.2_2017q4/bin/../lib/gcc/arm-none-eabi/7.2.1/../../../../arm-none-eabi/lib/thumb/v7-m/crt0.o
                0x0000011c                _start
                0x0000011c                _mainCRTStartup
 .text          0x00000190       0x30 ./CMSIS/EFM32GG/startup_gcc_efm32gg.o
                0x00000190                Reset_Handler
                0x000001bc                DebugMon_Handler
                0x000001bc                USART0_TX_IRQHandler
                0x000001bc                I2C0_IRQHandler
                0x000001bc                HardFault_Handler
                0x000001bc                LEUART1_IRQHandler
                0x000001bc                USART1_RX_IRQHandler
                0x000001bc                NMI_Handler
                0x000001bc                I2C1_IRQHandler
                0x000001bc                TIMER3_IRQHandler
                0x000001bc                USART1_TX_IRQHandler
                0x000001bc                MSC_IRQHandler
                0x000001bc                ADC0_IRQHandler
                0x000001bc                UsageFault_Handler
                0x000001bc                LEUART0_IRQHandler
                0x000001bc                GPIO_EVEN_IRQHandler
                0x000001bc                UART0_TX_IRQHandler
                0x000001bc                UART1_TX_IRQHandler
                0x000001bc                RTC_IRQHandler
                0x000001bc                TIMER0_IRQHandler
                0x000001bc                TIMER2_IRQHandler
                0x000001bc                LCD_IRQHandler
                0x000001bc                PCNT2_IRQHandler
                0x000001bc                LETIMER0_IRQHandler
                0x000001bc                TIMER1_IRQHandler
                0x000001bc                USART2_RX_IRQHandler
                0x000001bc                Default_Handler
                0x000001bc                EMU_IRQHandler
                0x000001bc                PCNT0_IRQHandler
                0x000001bc                sl_app_properties
                0x000001bc                USB_IRQHandler
                0x000001bc                BURTC_IRQHandler
                0x000001bc                PCNT1_IRQHandler
                0x000001bc                ACMP0_IRQHandler
                0x000001bc                USART0_RX_IRQHandler
                0x000001bc                MemManage_Handler
                0x000001bc                DAC0_IRQHandler
                0x000001bc                UART1_RX_IRQHandler
                0x000001bc                CMU_IRQHandler
                0x000001bc                EBI_IRQHandler
                0x000001bc                LESENSE_IRQHandler
                0x000001bc                GPIO_ODD_IRQHandler
                0x000001bc                AES_IRQHandler
                0x000001bc                VCMP_IRQHandler
                0x000001bc                DMA_IRQHandler
                0x000001bc                BusFault_Handler
                0x000001bc                USART2_TX_IRQHandler
 .text.GetProdRev
                0x000001c0       0x18 ./CMSIS/EFM32GG/system_efm32gg.o
 .text.SystemCoreClockGet
                0x000001d8       0x34 ./CMSIS/EFM32GG/system_efm32gg.o
                0x000001d8                SystemCoreClockGet
 .text.SystemMaxCoreClockGet
                0x0000020c       0x14 ./CMSIS/EFM32GG/system_efm32gg.o
                0x0000020c                SystemMaxCoreClockGet
 .text.SystemHFClockGet
                0x00000220      0x100 ./CMSIS/EFM32GG/system_efm32gg.o
                0x00000220                SystemHFClockGet
 .text.SystemHFXOClockGet
                0x00000320       0x14 ./CMSIS/EFM32GG/system_efm32gg.o
                0x00000320                SystemHFXOClockGet
 .text.SystemInit
                0x00000334       0x1c ./CMSIS/EFM32GG/system_efm32gg.o
                0x00000334                SystemInit
 .text.SystemLFRCOClockGet
                0x00000350       0x10 ./CMSIS/EFM32GG/system_efm32gg.o
                0x00000350                SystemLFRCOClockGet
 .text.SystemULFRCOClockGet
                0x00000360       0x10 ./CMSIS/EFM32GG/system_efm32gg.o
                0x00000360                SystemULFRCOClockGet
 .text.SystemLFXOClockGet
                0x00000370       0x14 ./CMSIS/EFM32GG/system_efm32gg.o
                0x00000370                SystemLFXOClockGet
 .text.LCD_FreezeEnable
                0x00000384       0x2c ./Drivers/segmentlcd.o
 .text.LCD_SyncBusyDelay
                0x000003b0       0x24 ./Drivers/segmentlcd.o
 .text.LCD_IntDisable
                0x000003d4       0x24 ./Drivers/segmentlcd.o
 .text.SegmentLCD_AllOff
                0x000003f8       0xac ./Drivers/segmentlcd.o
                0x000003f8                SegmentLCD_AllOff
 .text.SegmentLCD_AlphaNumberOff
                0x000004a4       0xa8 ./Drivers/segmentlcd.o
                0x000004a4                SegmentLCD_AlphaNumberOff
 .text.SegmentLCD_Init
                0x0000054c       0xb8 ./Drivers/segmentlcd.o
                0x0000054c                SegmentLCD_Init
 .text.SegmentLCD_Number
                0x00000604      0x128 ./Drivers/segmentlcd.o
                0x00000604                SegmentLCD_Number
 .text.SegmentLCD_NumberOff
                0x0000072c       0x4e ./Drivers/segmentlcd.o
                0x0000072c                SegmentLCD_NumberOff
 *fill*         0x0000077a        0x2 
 .text.SegmentLCD_Write
                0x0000077c       0xd8 ./Drivers/segmentlcd.o
                0x0000077c                SegmentLCD_Write
 .text.SegmentLCD_ARing
                0x00000854       0x54 ./Drivers/segmentlcd.o
                0x00000854                SegmentLCD_ARing
 .text.EMU_EnterEM1
                0x000008a8       0x20 ./Drivers/sleep.o
 .text.SLEEP_Sleep
                0x000008c8       0x90 ./Drivers/sleep.o
                0x000008c8                SLEEP_Sleep
 .text.SLEEP_LowestEnergyModeGet
                0x00000958       0x3c ./Drivers/sleep.o
                0x00000958                SLEEP_LowestEnergyModeGet
 .text.enterEMx
                0x00000994       0xac ./Drivers/sleep.o
 .text.pvPortMalloc
                0x00000a40       0x8c ./FreeRTOS/efm32gg/heap_1.o
                0x00000a40                pvPortMalloc
 .text.vPortFree
                0x00000acc       0x24 ./FreeRTOS/efm32gg/heap_1.o
                0x00000acc                vPortFree
 .text.vListInitialise
                0x00000af0       0x3e ./FreeRTOS/efm32gg/list.o
                0x00000af0                vListInitialise
 .text.vListInitialiseItem
                0x00000b2e       0x18 ./FreeRTOS/efm32gg/list.o
                0x00000b2e                vListInitialiseItem
 .text.vListInsertEnd
                0x00000b46       0x46 ./FreeRTOS/efm32gg/list.o
                0x00000b46                vListInsertEnd
 .text.vListInsert
                0x00000b8c       0x70 ./FreeRTOS/efm32gg/list.o
                0x00000b8c                vListInsert
 .text.uxListRemove
                0x00000bfc       0x52 ./FreeRTOS/efm32gg/list.o
                0x00000bfc                uxListRemove
 *fill*         0x00000c4e        0x2 
 .text.pxPortInitialiseStack
                0x00000c50       0x58 ./FreeRTOS/efm32gg/port_gcc.o
                0x00000c50                pxPortInitialiseStack
 .text.prvTaskExitError
                0x00000ca8       0x34 ./FreeRTOS/efm32gg/port_gcc.o
 *fill*         0x00000cdc        0x4 
 .text.SVC_Handler
                0x00000ce0       0x28 ./FreeRTOS/efm32gg/port_gcc.o
                0x00000ce0                SVC_Handler
 .text.prvPortStartFirstTask
                0x00000d08       0x20 ./FreeRTOS/efm32gg/port_gcc.o
 .text.xPortStartScheduler
                0x00000d28       0xbc ./FreeRTOS/efm32gg/port_gcc.o
                0x00000d28                xPortStartScheduler
 .text.vPortEnterCritical
                0x00000de4       0x54 ./FreeRTOS/efm32gg/port_gcc.o
                0x00000de4                vPortEnterCritical
 .text.vPortExitCritical
                0x00000e38       0x44 ./FreeRTOS/efm32gg/port_gcc.o
                0x00000e38                vPortExitCritical
 *fill*         0x00000e7c        0x4 
 .text.PendSV_Handler
                0x00000e80       0x48 ./FreeRTOS/efm32gg/port_gcc.o
                0x00000e80                PendSV_Handler
 .text.SysTick_Handler
                0x00000ec8       0x40 ./FreeRTOS/efm32gg/port_gcc.o
                0x00000ec8                SysTick_Handler
 .text.vPortSetupTimerInterrupt
                0x00000f08       0x24 ./FreeRTOS/efm32gg/port_gcc.o
                0x00000f08                vPortSetupTimerInterrupt
 .text.vPortValidateInterruptPriority
                0x00000f2c       0x68 ./FreeRTOS/efm32gg/port_gcc.o
                0x00000f2c                vPortValidateInterruptPriority
 .text.xQueueGenericReset
                0x00000f94       0xc8 ./FreeRTOS/efm32gg/queue.o
                0x00000f94                xQueueGenericReset
 .text.xQueueGenericCreate
                0x0000105c       0x6c ./FreeRTOS/efm32gg/queue.o
                0x0000105c                xQueueGenericCreate
 .text.prvInitialiseNewQueue
                0x000010c8       0x3e ./FreeRTOS/efm32gg/queue.o
 *fill*         0x00001106        0x2 
 .text.xQueueGenericSend
                0x00001108      0x1b4 ./FreeRTOS/efm32gg/queue.o
                0x00001108                xQueueGenericSend
 .text.xQueueGenericSendFromISR
                0x000012bc       0xfc ./FreeRTOS/efm32gg/queue.o
                0x000012bc                xQueueGenericSendFromISR
 .text.xQueueGenericReceive
                0x000013b8      0x1f8 ./FreeRTOS/efm32gg/queue.o
                0x000013b8                xQueueGenericReceive
 .text.prvCopyDataToQueue
                0x000015b0       0xd4 ./FreeRTOS/efm32gg/queue.o
 .text.prvCopyDataFromQueue
                0x00001684       0x4c ./FreeRTOS/efm32gg/queue.o
 .text.prvUnlockQueue
                0x000016d0       0xa4 ./FreeRTOS/efm32gg/queue.o
 .text.prvIsQueueEmpty
                0x00001774       0x2c ./FreeRTOS/efm32gg/queue.o
 .text.prvIsQueueFull
                0x000017a0       0x30 ./FreeRTOS/efm32gg/queue.o
 .text.vQueueAddToRegistry
                0x000017d0       0x50 ./FreeRTOS/efm32gg/queue.o
                0x000017d0                vQueueAddToRegistry
 .text.vQueueWaitForMessageRestricted
                0x00001820       0x68 ./FreeRTOS/efm32gg/queue.o
                0x00001820                vQueueWaitForMessageRestricted
 .text.xTaskCreate
                0x00001888       0x82 ./FreeRTOS/efm32gg/tasks.o
                0x00001888                xTaskCreate
 *fill*         0x0000190a        0x2 
 .text.prvInitialiseNewTask
                0x0000190c       0xf8 ./FreeRTOS/efm32gg/tasks.o
 .text.prvAddNewTaskToReadyList
                0x00001a04       0xd4 ./FreeRTOS/efm32gg/tasks.o
 .text.vTaskDelay
                0x00001ad8       0x60 ./FreeRTOS/efm32gg/tasks.o
                0x00001ad8                vTaskDelay
 .text.vTaskSuspend
                0x00001b38      0x108 ./FreeRTOS/efm32gg/tasks.o
                0x00001b38                vTaskSuspend
 .text.prvTaskIsTaskSuspended
                0x00001c40       0x6c ./FreeRTOS/efm32gg/tasks.o
 .text.vTaskResume
                0x00001cac       0xb4 ./FreeRTOS/efm32gg/tasks.o
                0x00001cac                vTaskResume
 .text.vTaskStartScheduler
                0x00001d60       0x90 ./FreeRTOS/efm32gg/tasks.o
                0x00001d60                vTaskStartScheduler
 .text.vTaskSuspendAll
                0x00001df0       0x1c ./FreeRTOS/efm32gg/tasks.o
                0x00001df0                vTaskSuspendAll
 .text.xTaskResumeAll
                0x00001e0c      0x130 ./FreeRTOS/efm32gg/tasks.o
                0x00001e0c                xTaskResumeAll
 .text.xTaskGetTickCount
                0x00001f3c       0x1c ./FreeRTOS/efm32gg/tasks.o
                0x00001f3c                xTaskGetTickCount
 .text.xTaskIncrementTick
                0x00001f58      0x174 ./FreeRTOS/efm32gg/tasks.o
                0x00001f58                xTaskIncrementTick
 .text.vTaskSwitchContext
                0x000020cc       0xac ./FreeRTOS/efm32gg/tasks.o
                0x000020cc                vTaskSwitchContext
 .text.vTaskPlaceOnEventList
                0x00002178       0x40 ./FreeRTOS/efm32gg/tasks.o
                0x00002178                vTaskPlaceOnEventList
 .text.vTaskPlaceOnEventListRestricted
                0x000021b8       0x50 ./FreeRTOS/efm32gg/tasks.o
                0x000021b8                vTaskPlaceOnEventListRestricted
 .text.xTaskRemoveFromEventList
                0x00002208       0xbc ./FreeRTOS/efm32gg/tasks.o
                0x00002208                xTaskRemoveFromEventList
 .text.vTaskSetTimeOutState
                0x000022c4       0x3c ./FreeRTOS/efm32gg/tasks.o
                0x000022c4                vTaskSetTimeOutState
 .text.xTaskCheckForTimeOut
                0x00002300       0xac ./FreeRTOS/efm32gg/tasks.o
                0x00002300                xTaskCheckForTimeOut
 .text.vTaskMissedYield
                0x000023ac       0x18 ./FreeRTOS/efm32gg/tasks.o
                0x000023ac                vTaskMissedYield
 .text.prvIdleTask
                0x000023c4       0x12 ./FreeRTOS/efm32gg/tasks.o
 *fill*         0x000023d6        0x2 
 .text.prvInitialiseTaskLists
                0x000023d8       0x80 ./FreeRTOS/efm32gg/tasks.o
 .text.prvCheckTasksWaitingTermination
                0x00002458       0x78 ./FreeRTOS/efm32gg/tasks.o
 .text.prvDeleteTCB
                0x000024d0       0x20 ./FreeRTOS/efm32gg/tasks.o
 .text.prvResetNextTaskUnblockTime
                0x000024f0       0x48 ./FreeRTOS/efm32gg/tasks.o
 .text.xTaskGetSchedulerState
                0x00002538       0x3c ./FreeRTOS/efm32gg/tasks.o
                0x00002538                xTaskGetSchedulerState
 .text.vTaskPriorityInherit
                0x00002574       0xec ./FreeRTOS/efm32gg/tasks.o
                0x00002574                vTaskPriorityInherit
 .text.xTaskPriorityDisinherit
                0x00002660       0xf8 ./FreeRTOS/efm32gg/tasks.o
                0x00002660                xTaskPriorityDisinherit
 .text.pvTaskIncrementMutexHeldCount
                0x00002758       0x28 ./FreeRTOS/efm32gg/tasks.o
                0x00002758                pvTaskIncrementMutexHeldCount
 .text.prvAddCurrentTaskToDelayedList
                0x00002780       0xcc ./FreeRTOS/efm32gg/tasks.o
 .text.xTimerCreateTimerTask
                0x0000284c       0x5c ./FreeRTOS/efm32gg/timers.o
                0x0000284c                xTimerCreateTimerTask
 .text.xTimerGenericCommand
                0x000028a8       0x94 ./FreeRTOS/efm32gg/timers.o
                0x000028a8                xTimerGenericCommand
 .text.prvProcessExpiredTimer
                0x0000293c       0x78 ./FreeRTOS/efm32gg/timers.o
 .text.prvTimerTask
                0x000029b4       0x24 ./FreeRTOS/efm32gg/timers.o
 .text.prvProcessTimerOrBlockTask
                0x000029d8       0x9c ./FreeRTOS/efm32gg/timers.o
 .text.prvGetNextExpireTime
                0x00002a74       0x48 ./FreeRTOS/efm32gg/timers.o
 .text.prvSampleTimeNow
                0x00002abc       0x40 ./FreeRTOS/efm32gg/timers.o
 .text.prvInsertTimerInActiveList
                0x00002afc       0x84 ./FreeRTOS/efm32gg/timers.o
 .text.prvProcessReceivedCommands
                0x00002b80      0x114 ./FreeRTOS/efm32gg/timers.o
 .text.prvSwitchTimerLists
                0x00002c94       0xbc ./FreeRTOS/efm32gg/timers.o
 .text.prvCheckForValidListAndQueue
                0x00002d50       0x6c ./FreeRTOS/efm32gg/timers.o
 .text.assertEFM
                0x00002dbc        0xc ./emlib/em_assert.o
                0x00002dbc                assertEFM
 .text.BUS_RegBitWrite
                0x00002dc8       0x2c ./emlib/em_cmu.o
 .text.BUS_RegBitRead
                0x00002df4       0x28 ./emlib/em_cmu.o
 .text.SL_Log2ToDiv
                0x00002e1c       0x2c ./emlib/em_cmu.o
 .text.CMU_DivToLog2
                0x00002e48       0x3c ./emlib/em_cmu.o
 .text.SYSTEM_GetProdRev
                0x00002e84       0x18 ./emlib/em_cmu.o
 .text.SYSTEM_GetFamily
                0x00002e9c       0x18 ./emlib/em_cmu.o
 .text.maxFreqHfle
                0x00002eb4       0x88 ./emlib/em_cmu.o
 .text.setHfLeConfig
                0x00002f3c       0x64 ./emlib/em_cmu.o
 .text.getHfLeConfig
                0x00002fa0       0x20 ./emlib/em_cmu.o
 .text.auxClkGet
                0x00002fc0       0xc0 ./emlib/em_cmu.o
 .text.dbgClkGet
                0x00003080       0x4c ./emlib/em_cmu.o
 .text.flashWaitStateControl
                0x000030cc       0x98 ./emlib/em_cmu.o
 .text.flashWaitStateMax
                0x00003164       0x44 ./emlib/em_cmu.o
 .text.CMU_UpdateWaitStates
                0x000031a8       0x40 ./emlib/em_cmu.o
                0x000031a8                CMU_UpdateWaitStates
 .text.lfClkGet
                0x000031e8      0x10c ./emlib/em_cmu.o
 .text.syncReg  0x000032f4       0x34 ./emlib/em_cmu.o
 .text.usbCClkGet
                0x00003328       0x4c ./emlib/em_cmu.o
 .text.hfperClkSafePrescaler
                0x00003374        0xc ./emlib/em_cmu.o
 .text.hfperClkOptimizedPrescaler
                0x00003380        0xc ./emlib/em_cmu.o
 .text.CMU_ClockDivGet
                0x0000338c      0x1c8 ./emlib/em_cmu.o
                0x0000338c                CMU_ClockDivGet
 .text.CMU_ClockDivSet
                0x00003554      0x304 ./emlib/em_cmu.o
                0x00003554                CMU_ClockDivSet
 .text.CMU_ClockEnable
                0x00003858       0xd4 ./emlib/em_cmu.o
                0x00003858                CMU_ClockEnable
 .text.CMU_ClockFreqGet
                0x0000392c      0x20c ./emlib/em_cmu.o
                0x0000392c                CMU_ClockFreqGet
 .text.CMU_ClockSelectGet
                0x00003b38      0x168 ./emlib/em_cmu.o
                0x00003b38                CMU_ClockSelectGet
 .text.CMU_ClockSelectSet
                0x00003ca0      0x2d4 ./emlib/em_cmu.o
                0x00003ca0                CMU_ClockSelectSet
 .text.CMU_LCDClkFDIVSet
                0x00003f74       0x50 ./emlib/em_cmu.o
                0x00003f74                CMU_LCDClkFDIVSet
 .text.CMU_OscillatorEnable
                0x00003fc4       0xc8 ./emlib/em_cmu.o
                0x00003fc4                CMU_OscillatorEnable
 .text.CORE_EnterCritical
                0x0000408c       0x1e ./emlib/em_core.o
                0x0000408c                CORE_EnterCritical
 .text.CORE_ExitCritical
                0x000040aa       0x1a ./emlib/em_core.o
                0x000040aa                CORE_ExitCritical
 .text.SystemCoreClockUpdate
                0x000040c4        0xc ./emlib/em_emu.o
 .text.EMU_Unlock
                0x000040d0       0x18 ./emlib/em_emu.o
 .text.CMU_Lock
                0x000040e8       0x18 ./emlib/em_emu.o
 .text.CMU_Unlock
                0x00004100       0x1c ./emlib/em_emu.o
 .text.emState  0x0000411c       0xcc ./emlib/em_emu.o
 .text.getErrataFixEmuE107En
                0x000041e8       0x68 ./emlib/em_emu.o
 .text.EMU_EM23PresleepHook
                0x00004250        0xc ./emlib/em_emu.o
                0x00004250                EMU_EM23PresleepHook
 .text.EMU_EM23PostsleepHook
                0x0000425c        0xc ./emlib/em_emu.o
                0x0000425c                EMU_EM23PostsleepHook
 .text.EMU_EnterEM2
                0x00004268       0xa0 ./emlib/em_emu.o
                0x00004268                EMU_EnterEM2
 .text.EMU_EnterEM3
                0x00004308       0xc8 ./emlib/em_emu.o
                0x00004308                EMU_EnterEM3
 .text.EMU_Save
                0x000043d0        0xe ./emlib/em_emu.o
                0x000043d0                EMU_Save
 .text.EMU_Restore
                0x000043de        0xe ./emlib/em_emu.o
                0x000043de                EMU_Restore
 .text.EMU_EnterEM4
                0x000043ec       0x54 ./emlib/em_emu.o
                0x000043ec                EMU_EnterEM4
 .text.GPIO_PinOutClear
                0x00004440       0x98 ./emlib/em_gpio.o
 .text.GPIO_PinOutSet
                0x000044d8       0x98 ./emlib/em_gpio.o
 .text.GPIO_PinModeSet
                0x00004570      0x15c ./emlib/em_gpio.o
                0x00004570                GPIO_PinModeSet
 .text.LCD_Enable
                0x000046cc       0x38 ./emlib/em_lcd.o
 .text.BUS_RegBitWrite
                0x00004704       0x2c ./emlib/em_lcd.o
 .text.LCD_Init
                0x00004730       0x8c ./emlib/em_lcd.o
                0x00004730                LCD_Init
 .text.LCD_VLCDSelect
                0x000047bc       0x44 ./emlib/em_lcd.o
                0x000047bc                LCD_VLCDSelect
 .text.LCD_SegmentRangeEnable
                0x00004800       0x40 ./emlib/em_lcd.o
                0x00004800                LCD_SegmentRangeEnable
 .text.LCD_SegmentSet
                0x00004840      0x1f4 ./emlib/em_lcd.o
                0x00004840                LCD_SegmentSet
 .text.LCD_SegmentSetLow
                0x00004a34      0x198 ./emlib/em_lcd.o
                0x00004a34                LCD_SegmentSetLow
 .text.LCD_SegmentSetHigh
                0x00004bcc      0x190 ./emlib/em_lcd.o
                0x00004bcc                LCD_SegmentSetHigh
 .text.LCD_VBoostSet
                0x00004d5c       0x28 ./emlib/em_lcd.o
                0x00004d5c                LCD_VBoostSet
 .text.prsRxInput
                0x00004d84       0x24 ./emlib/em_usart.o
 .text.USART_BaudrateAsyncSet
                0x00004da8      0x13c ./emlib/em_usart.o
                0x00004da8                USART_BaudrateAsyncSet
 .text.USART_InitAsync
                0x00004ee4       0xd0 ./emlib/em_usart.o
                0x00004ee4                USART_InitAsync
 .text.USART_Reset
                0x00004fb4       0xbc ./emlib/em_usart.o
                0x00004fb4                USART_Reset
 .text.USART_Rx
                0x00005070       0x26 ./emlib/em_usart.o
                0x00005070                USART_Rx
 .text.USART_Tx
                0x00005096       0x2a ./emlib/em_usart.o
                0x00005096                USART_Tx
 .text.delay    0x000050c0       0x26 ./src/lcd.o
                0x000050c0                delay
 *fill*         0x000050e6        0x2 
 .text.printOneLowerSegment
                0x000050e8      0x1e4 ./src/lcd.o
                0x000050e8                printOneLowerSegment
 .text.ringOff  0x000052cc       0x2a ./src/lcd.o
                0x000052cc                ringOff
 .text.ringOn   0x000052f6       0x2a ./src/lcd.o
                0x000052f6                ringOn
 .text.ringBlink
                0x00005320       0x18 ./src/lcd.o
                0x00005320                ringBlink
 .text.ringFill
                0x00005338       0x2e ./src/lcd.o
                0x00005338                ringFill
 .text.vApplicationIdleHook
                0x00005366        0xc ./src/low_power_tick_management.o
                0x00005366                vApplicationIdleHook
 *fill*         0x00005372        0x2 
 .text.__NVIC_EnableIRQ
                0x00005374       0x38 ./src/main.o
 .text.__NVIC_ClearPendingIRQ
                0x000053ac       0x3c ./src/main.o
 .text.USART_IntClear
                0x000053e8       0x1a ./src/main.o
 .text.USART_IntEnable
                0x00005402       0x20 ./src/main.o
 *fill*         0x00005422        0x2 
 .text.Usart_init
                0x00005424       0xb4 ./src/main.o
                0x00005424                Usart_init
 .text.main     0x000054d8       0x20 ./src/main.o
                0x000054d8                main
 .text.UART0_RX_IRQHandler
                0x000054f8       0x3c ./src/main.o
                0x000054f8                UART0_RX_IRQHandler
 .text.down     0x00005534       0xcc ./src/movement.o
                0x00005534                down
 .text.up       0x00005600       0xcc ./src/movement.o
                0x00005600                up
 .text.left     0x000056cc       0x50 ./src/movement.o
                0x000056cc                left
 .text.right    0x0000571c       0x4c ./src/movement.o
                0x0000571c                right
 .text.TskCreateGameMap
                0x00005768      0x1c0 ./src/playground.o
 .text.TskShipLoadMap
                0x00005928       0x98 ./src/playground.o
 .text.TskShowMap
                0x000059c0      0x144 ./src/playground.o
 .text.TskShot  0x00005b04      0x128 ./src/playground.o
 .text.TskWin   0x00005c2c       0x6c ./src/playground.o
 .text.checkShotedShip
                0x00005c98       0x78 ./src/playground.o
                0x00005c98                checkShotedShip
 .text.TskUsartMove
                0x00005d10       0x8c ./src/playground.o
 .text.InitPlayGround
                0x00005d9c       0xe4 ./src/playground.o
                0x00005d9c                InitPlayGround
 .text.LCD_FreezeEnable
                0x00005e80       0x2c ./src/segmentlcd_individual.o
 .text.LCD_SyncBusyDelay
                0x00005eac       0x24 ./src/segmentlcd_individual.o
 .text.SegmentLCD_LowerSegments
                0x00005ed0       0xb0 ./src/segmentlcd_individual.o
                0x00005ed0                SegmentLCD_LowerSegments
 .text.abs      0x00005f80        0x8 c:/siliconlabs/simplicitystudio/v4/developer/toolchains/gnu_arm/7.2_2017q4/bin/../lib/gcc/arm-none-eabi/7.2.1/../../../../arm-none-eabi/lib/thumb/v7-m\libc_nano.a(lib_a-abs.o)
                0x00005f80                abs
 .text.exit     0x00005f88       0x28 c:/siliconlabs/simplicitystudio/v4/developer/toolchains/gnu_arm/7.2_2017q4/bin/../lib/gcc/arm-none-eabi/7.2.1/../../../../arm-none-eabi/lib/thumb/v7-m\libc_nano.a(lib_a-exit.o)
                0x00005f88                exit
 .text.__libc_init_array
                0x00005fb0       0x48 c:/siliconlabs/simplicitystudio/v4/developer/toolchains/gnu_arm/7.2_2017q4/bin/../lib/gcc/arm-none-eabi/7.2.1/../../../../arm-none-eabi/lib/thumb/v7-m\libc_nano.a(lib_a-init.o)
                0x00005fb0                __libc_init_array
 .text.memcpy   0x00005ff8       0x16 c:/siliconlabs/simplicitystudio/v4/developer/toolchains/gnu_arm/7.2_2017q4/bin/../lib/gcc/arm-none-eabi/7.2.1/../../../../arm-none-eabi/lib/thumb/v7-m\libc_nano.a(lib_a-memcpy-stub.o)
                0x00005ff8                memcpy
 .text.memset   0x0000600e       0x10 c:/siliconlabs/simplicitystudio/v4/developer/toolchains/gnu_arm/7.2_2017q4/bin/../lib/gcc/arm-none-eabi/7.2.1/../../../../arm-none-eabi/lib/thumb/v7-m\libc_nano.a(lib_a-memset.o)
                0x0000600e                memset
 *fill*         0x0000601e        0x2 
 .text.sprintf  0x00006020       0x40 c:/siliconlabs/simplicitystudio/v4/developer/toolchains/gnu_arm/7.2_2017q4/bin/../lib/gcc/arm-none-eabi/7.2.1/../../../../arm-none-eabi/lib/thumb/v7-m\libc_nano.a(lib_a-sprintf.o)
                0x00006020                siprintf
                0x00006020                sprintf
 .text          0x00006060       0x10 c:/siliconlabs/simplicitystudio/v4/developer/toolchains/gnu_arm/7.2_2017q4/bin/../lib/gcc/arm-none-eabi/7.2.1/../../../../arm-none-eabi/lib/thumb/v7-m\libc_nano.a(lib_a-strlen.o)
                0x00006060                strlen
 .text.__ssputs_r
                0x00006070       0xb4 c:/siliconlabs/simplicitystudio/v4/developer/toolchains/gnu_arm/7.2_2017q4/bin/../lib/gcc/arm-none-eabi/7.2.1/../../../../arm-none-eabi/lib/thumb/v7-m\libc_nano.a(lib_a-nano-svfprintf.o)
                0x00006070                __ssputs_r
 .text._svfprintf_r
                0x00006124      0x1ec c:/siliconlabs/simplicitystudio/v4/developer/toolchains/gnu_arm/7.2_2017q4/bin/../lib/gcc/arm-none-eabi/7.2.1/../../../../arm-none-eabi/lib/thumb/v7-m\libc_nano.a(lib_a-nano-svfprintf.o)
                0x00006124                _svfiprintf_r
                0x00006124                _svfprintf_r
 .text._printf_common
                0x00006310       0xec c:/siliconlabs/simplicitystudio/v4/developer/toolchains/gnu_arm/7.2_2017q4/bin/../lib/gcc/arm-none-eabi/7.2.1/../../../../arm-none-eabi/lib/thumb/v7-m\libc_nano.a(lib_a-nano-vfprintf_i.o)
                0x00006310                _printf_common
 .text._printf_i
                0x000063fc      0x224 c:/siliconlabs/simplicitystudio/v4/developer/toolchains/gnu_arm/7.2_2017q4/bin/../lib/gcc/arm-none-eabi/7.2.1/../../../../arm-none-eabi/lib/thumb/v7-m\libc_nano.a(lib_a-nano-vfprintf_i.o)
                0x000063fc                _printf_i
 .text.memchr   0x00006620       0x1c c:/siliconlabs/simplicitystudio/v4/developer/toolchains/gnu_arm/7.2_2017q4/bin/../lib/gcc/arm-none-eabi/7.2.1/../../../../arm-none-eabi/lib/thumb/v7-m\libc_nano.a(lib_a-memchr-stub.o)
                0x00006620                memchr
 .text.memmove  0x0000663c       0x32 c:/siliconlabs/simplicitystudio/v4/developer/toolchains/gnu_arm/7.2_2017q4/bin/../lib/gcc/arm-none-eabi/7.2.1/../../../../arm-none-eabi/lib/thumb/v7-m\libc_nano.a(lib_a-memmove.o)
                0x0000663c                memmove
 *fill*         0x0000666e        0x2 
 .text._free_r  0x00006670       0x98 c:/siliconlabs/simplicitystudio/v4/developer/toolchains/gnu_arm/7.2_2017q4/bin/../lib/gcc/arm-none-eabi/7.2.1/../../../../arm-none-eabi/lib/thumb/v7-m\libc_nano.a(lib_a-nano-freer.o)
                0x00006670                _free_r
 .text._malloc_r
                0x00006708       0xb4 c:/siliconlabs/simplicitystudio/v4/developer/toolchains/gnu_arm/7.2_2017q4/bin/../lib/gcc/arm-none-eabi/7.2.1/../../../../arm-none-eabi/lib/thumb/v7-m\libc_nano.a(lib_a-nano-mallocr.o)
                0x00006708                _malloc_r
 .text._realloc_r
                0x000067bc       0x4c c:/siliconlabs/simplicitystudio/v4/developer/toolchains/gnu_arm/7.2_2017q4/bin/../lib/gcc/arm-none-eabi/7.2.1/../../../../arm-none-eabi/lib/thumb/v7-m\libc_nano.a(lib_a-nano-reallocr.o)
                0x000067bc                _realloc_r
 .text._sbrk_r  0x00006808       0x20 c:/siliconlabs/simplicitystudio/v4/developer/toolchains/gnu_arm/7.2_2017q4/bin/../lib/gcc/arm-none-eabi/7.2.1/../../../../arm-none-eabi/lib/thumb/v7-m\libc_nano.a(lib_a-sbrkr.o)
                0x00006808                _sbrk_r
 .text.__malloc_lock
                0x00006828        0x2 c:/siliconlabs/simplicitystudio/v4/developer/toolchains/gnu_arm/7.2_2017q4/bin/../lib/gcc/arm-none-eabi/7.2.1/../../../../arm-none-eabi/lib/thumb/v7-m\libc_nano.a(lib_a-mlock.o)
                0x00006828                __malloc_lock
 .text.__malloc_unlock
                0x0000682a        0x2 c:/siliconlabs/simplicitystudio/v4/developer/toolchains/gnu_arm/7.2_2017q4/bin/../lib/gcc/arm-none-eabi/7.2.1/../../../../arm-none-eabi/lib/thumb/v7-m\libc_nano.a(lib_a-mlock.o)
                0x0000682a                __malloc_unlock
 .text._malloc_usable_size_r
                0x0000682c       0x10 c:/siliconlabs/simplicitystudio/v4/developer/toolchains/gnu_arm/7.2_2017q4/bin/../lib/gcc/arm-none-eabi/7.2.1/../../../../arm-none-eabi/lib/thumb/v7-m\libc_nano.a(lib_a-nano-msizer.o)
                0x0000682c                _malloc_usable_size_r
 .text._sbrk    0x0000683c       0x1c c:/siliconlabs/simplicitystudio/v4/developer/toolchains/gnu_arm/7.2_2017q4/bin/../lib/gcc/arm-none-eabi/7.2.1/../../../../arm-none-eabi/lib/thumb/v7-m\libnosys.a(sbrk.o)
                0x0000683c                _sbrk
 .text._exit    0x00006858        0x4 c:/siliconlabs/simplicitystudio/v4/developer/toolchains/gnu_arm/7.2_2017q4/bin/../lib/gcc/arm-none-eabi/7.2.1/../../../../arm-none-eabi/lib/thumb/v7-m\libnosys.a(_exit.o)
                0x00006858                _exit
 *(.init)
 .init          0x0000685c        0x4 c:/siliconlabs/simplicitystudio/v4/developer/toolchains/gnu_arm/7.2_2017q4/bin/../lib/gcc/arm-none-eabi/7.2.1/thumb/v7-m/crti.o
                0x0000685c                _init
 .init          0x00006860        0x8 c:/siliconlabs/simplicitystudio/v4/developer/toolchains/gnu_arm/7.2_2017q4/bin/../lib/gcc/arm-none-eabi/7.2.1/thumb/v7-m/crtn.o
 *(.fini)
 .fini          0x00006868        0x4 c:/siliconlabs/simplicitystudio/v4/developer/toolchains/gnu_arm/7.2_2017q4/bin/../lib/gcc/arm-none-eabi/7.2.1/thumb/v7-m/crti.o
                0x00006868                _fini
 .fini          0x0000686c        0x8 c:/siliconlabs/simplicitystudio/v4/developer/toolchains/gnu_arm/7.2_2017q4/bin/../lib/gcc/arm-none-eabi/7.2.1/thumb/v7-m/crtn.o
 *crtbegin.o(.ctors)
 *crtbegin?.o(.ctors)
 *(EXCLUDE_FILE(*crtend.o *crtend?.o) .ctors)
 *(SORT_BY_NAME(.ctors.*))
 *(.ctors)
 *crtbegin.o(.dtors)
 *crtbegin?.o(.dtors)
 *(EXCLUDE_FILE(*crtend.o *crtend?.o) .dtors)
 *(SORT_BY_NAME(.dtors.*))
 *(.dtors)
 *(.rodata*)
 .rodata.EFM_Display
                0x00006874      0x1fe ./Drivers/segmentlcd.o
 *fill*         0x00006a72        0x2 
 .rodata.Segment_Alphabet
                0x00006a74       0xb8 ./Drivers/segmentlcd.o
 .rodata.Segment_Numbers
                0x00006b2c       0x22 ./Drivers/segmentlcd.o
 *fill*         0x00006b4e        0x2 
 .rodata.lcdInit
                0x00006b50       0x14 ./Drivers/segmentlcd.o
 .rodata        0x00006b64       0x13 ./Drivers/sleep.o
 *fill*         0x00006b77        0x1 
 .rodata        0x00006b78       0x1d ./FreeRTOS/efm32gg/heap_1.o
 *fill*         0x00006b95        0x3 
 .rodata        0x00006b98       0x1f ./FreeRTOS/efm32gg/port_gcc.o
 *fill*         0x00006bb7        0x1 
 .rodata        0x00006bb8       0x1c ./FreeRTOS/efm32gg/queue.o
 .rodata        0x00006bd4       0x21 ./FreeRTOS/efm32gg/tasks.o
 *fill*         0x00006bf5        0x3 
 .rodata        0x00006bf8       0x2d ./FreeRTOS/efm32gg/timers.o
 *fill*         0x00006c25        0x3 
 .rodata        0x00006c28       0xde ./emlib/em_cmu.o
 *fill*         0x00006d06        0x2 
 .rodata        0x00006d08       0x77 ./emlib/em_gpio.o
 *fill*         0x00006d7f        0x1 
 .rodata        0x00006d80       0x12 ./emlib/em_lcd.o
 *fill*         0x00006d92        0x2 
 .rodata        0x00006d94       0x14 ./emlib/em_usart.o
 .rodata        0x00006da8       0x18 ./src/main.o
 .rodata        0x00006dc0       0x71 ./src/playground.o
 *fill*         0x00006e31        0x3 
 .rodata._global_impure_ptr
                0x00006e34        0x4 c:/siliconlabs/simplicitystudio/v4/developer/toolchains/gnu_arm/7.2_2017q4/bin/../lib/gcc/arm-none-eabi/7.2.1/../../../../arm-none-eabi/lib/thumb/v7-m\libc_nano.a(lib_a-impure.o)
                0x00006e34                _global_impure_ptr
 .rodata._svfprintf_r.str1.1
                0x00006e38       0x11 c:/siliconlabs/simplicitystudio/v4/developer/toolchains/gnu_arm/7.2_2017q4/bin/../lib/gcc/arm-none-eabi/7.2.1/../../../../arm-none-eabi/lib/thumb/v7-m\libc_nano.a(lib_a-nano-svfprintf.o)
 .rodata._printf_i.str1.1
                0x00006e49       0x22 c:/siliconlabs/simplicitystudio/v4/developer/toolchains/gnu_arm/7.2_2017q4/bin/../lib/gcc/arm-none-eabi/7.2.1/../../../../arm-none-eabi/lib/thumb/v7-m\libc_nano.a(lib_a-nano-vfprintf_i.o)
 *(.eh_frame*)
 *fill*         0x00006e6b        0x1 
 .eh_frame      0x00006e6c        0x0 c:/siliconlabs/simplicitystudio/v4/developer/toolchains/gnu_arm/7.2_2017q4/bin/../lib/gcc/arm-none-eabi/7.2.1/thumb/v7-m/crtbegin.o
 .eh_frame      0x00006e6c        0x4 c:/siliconlabs/simplicitystudio/v4/developer/toolchains/gnu_arm/7.2_2017q4/bin/../lib/gcc/arm-none-eabi/7.2.1/thumb/v7-m/crtend.o

.glue_7         0x00006e70        0x0
 .glue_7        0x00006e70        0x0 linker stubs

.glue_7t        0x00006e70        0x0
 .glue_7t       0x00006e70        0x0 linker stubs

.vfp11_veneer   0x00006e70        0x0
 .vfp11_veneer  0x00006e70        0x0 linker stubs

.v4_bx          0x00006e70        0x0
 .v4_bx         0x00006e70        0x0 linker stubs

.iplt           0x00006e70        0x0
 .iplt          0x00006e70        0x0 c:/siliconlabs/simplicitystudio/v4/developer/toolchains/gnu_arm/7.2_2017q4/bin/../lib/gcc/arm-none-eabi/7.2.1/thumb/v7-m/crtbegin.o

.ARM.extab
 *(.ARM.extab* .gnu.linkonce.armextab.*)
                0x00006e70                __exidx_start = .

.ARM.exidx      0x00006e70        0x8
 *(.ARM.exidx* .gnu.linkonce.armexidx.*)
 .ARM.exidx     0x00006e70        0x8 c:/siliconlabs/simplicitystudio/v4/developer/toolchains/gnu_arm/7.2_2017q4/bin/../lib/gcc/arm-none-eabi/7.2.1/../../../../arm-none-eabi/lib/thumb/v7-m/crt0.o
                0x00006e78                __exidx_end = .
                0x00006e78                __etext = .

.rel.dyn        0x00006e78        0x0
 .rel.iplt      0x00006e78        0x0 c:/siliconlabs/simplicitystudio/v4/developer/toolchains/gnu_arm/7.2_2017q4/bin/../lib/gcc/arm-none-eabi/7.2.1/thumb/v7-m/crtbegin.o

.data           0x20000000      0x244 load address 0x00006e78
                0x20000000                __data_start__ = .
 *(vtable)
 *(.data*)
 .data.SystemHFXOClock
                0x20000000        0x4 ./CMSIS/EFM32GG/system_efm32gg.o
 .data.SystemLFXOClock
                0x20000004        0x4 ./CMSIS/EFM32GG/system_efm32gg.o
 .data.SystemCoreClock
                0x20000008        0x4 ./CMSIS/EFM32GG/system_efm32gg.o
                0x20000008                SystemCoreClock
 .data.uxCriticalNesting
                0x2000000c        0x4 ./FreeRTOS/efm32gg/port_gcc.o
 .data.ship     0x20000010      0x100 ./src/playground.o
                0x20000010                ship
 .data.actualCoordinate
                0x20000110        0x2 ./src/playground.o
                0x20000110                actualCoordinate
 *fill*         0x20000112        0x2 
 .data.Text     0x20000114       0xc4 ./src/segmentlcd_individual.o
                0x20000114                Text
 .data._impure_ptr
                0x200001d8        0x4 c:/siliconlabs/simplicitystudio/v4/developer/toolchains/gnu_arm/7.2_2017q4/bin/../lib/gcc/arm-none-eabi/7.2.1/../../../../arm-none-eabi/lib/thumb/v7-m\libc_nano.a(lib_a-impure.o)
                0x200001d8                _impure_ptr
 .data.impure_data
                0x200001dc       0x60 c:/siliconlabs/simplicitystudio/v4/developer/toolchains/gnu_arm/7.2_2017q4/bin/../lib/gcc/arm-none-eabi/7.2.1/../../../../arm-none-eabi/lib/thumb/v7-m\libc_nano.a(lib_a-impure.o)
                0x2000023c                . = ALIGN (0x4)
                [!provide]                PROVIDE (__ram_func_section_start, .)
 *(.ram)
                [!provide]                PROVIDE (__ram_func_section_end, .)
                0x2000023c                . = ALIGN (0x4)
                0x2000023c                PROVIDE (__preinit_array_start, .)
 *(.preinit_array)
                0x2000023c                PROVIDE (__preinit_array_end, .)
                0x2000023c                . = ALIGN (0x4)
                0x2000023c                PROVIDE (__init_array_start, .)
 *(SORT_BY_NAME(.init_array.*))
 *(.init_array)
 .init_array    0x2000023c        0x4 c:/siliconlabs/simplicitystudio/v4/developer/toolchains/gnu_arm/7.2_2017q4/bin/../lib/gcc/arm-none-eabi/7.2.1/thumb/v7-m/crtbegin.o
                0x20000240                PROVIDE (__init_array_end, .)
                0x20000240                . = ALIGN (0x4)
                [!provide]                PROVIDE (__fini_array_start, .)
 *(SORT_BY_NAME(.fini_array.*))
 *(.fini_array)
 .fini_array    0x20000240        0x4 c:/siliconlabs/simplicitystudio/v4/developer/toolchains/gnu_arm/7.2_2017q4/bin/../lib/gcc/arm-none-eabi/7.2.1/thumb/v7-m/crtbegin.o
                [!provide]                PROVIDE (__fini_array_end, .)
 *(.jcr*)
                0x20000244                . = ALIGN (0x4)
                0x20000244                __data_end__ = .

.igot.plt       0x20000244        0x0 load address 0x000070bc
 .igot.plt      0x20000244        0x0 c:/siliconlabs/simplicitystudio/v4/developer/toolchains/gnu_arm/7.2_2017q4/bin/../lib/gcc/arm-none-eabi/7.2.1/thumb/v7-m/crtbegin.o

.bss            0x20000244     0x27d0 load address 0x000070bc
                0x20000244                . = ALIGN (0x4)
                0x20000244                __bss_start__ = .
 *(.bss*)
 .bss           0x20000244       0x1c c:/siliconlabs/simplicitystudio/v4/developer/toolchains/gnu_arm/7.2_2017q4/bin/../lib/gcc/arm-none-eabi/7.2.1/thumb/v7-m/crtbegin.o
 .bss.sleepContext
                0x20000260        0xc ./Drivers/sleep.o
 .bss.sleepBlockCnt
                0x2000026c        0x2 ./Drivers/sleep.o
 *fill*         0x2000026e        0x2 
 .bss.ucHeap    0x20000270     0x2328 ./FreeRTOS/efm32gg/heap_1.o
 .bss.xNextFreeByte
                0x20002598        0x4 ./FreeRTOS/efm32gg/heap_1.o
 .bss.pucAlignedHeap.4479
                0x2000259c        0x4 ./FreeRTOS/efm32gg/heap_1.o
 .bss.ucMaxSysCallPriority
                0x200025a0        0x1 ./FreeRTOS/efm32gg/port_gcc.o
 *fill*         0x200025a1        0x3 
 .bss.ulMaxPRIGROUPValue
                0x200025a4        0x4 ./FreeRTOS/efm32gg/port_gcc.o
 .bss.pxCurrentTCB
                0x200025a8        0x4 ./FreeRTOS/efm32gg/tasks.o
                0x200025a8                pxCurrentTCB
 .bss.pxReadyTasksLists
                0x200025ac       0x3c ./FreeRTOS/efm32gg/tasks.o
 .bss.xDelayedTaskList1
                0x200025e8       0x14 ./FreeRTOS/efm32gg/tasks.o
 .bss.xDelayedTaskList2
                0x200025fc       0x14 ./FreeRTOS/efm32gg/tasks.o
 .bss.pxDelayedTaskList
                0x20002610        0x4 ./FreeRTOS/efm32gg/tasks.o
 .bss.pxOverflowDelayedTaskList
                0x20002614        0x4 ./FreeRTOS/efm32gg/tasks.o
 .bss.xPendingReadyList
                0x20002618       0x14 ./FreeRTOS/efm32gg/tasks.o
 .bss.xTasksWaitingTermination
                0x2000262c       0x14 ./FreeRTOS/efm32gg/tasks.o
 .bss.uxDeletedTasksWaitingCleanUp
                0x20002640        0x4 ./FreeRTOS/efm32gg/tasks.o
 .bss.xSuspendedTaskList
                0x20002644       0x14 ./FreeRTOS/efm32gg/tasks.o
 .bss.uxCurrentNumberOfTasks
                0x20002658        0x4 ./FreeRTOS/efm32gg/tasks.o
 .bss.xTickCount
                0x2000265c        0x4 ./FreeRTOS/efm32gg/tasks.o
 .bss.uxTopReadyPriority
                0x20002660        0x4 ./FreeRTOS/efm32gg/tasks.o
 .bss.xSchedulerRunning
                0x20002664        0x4 ./FreeRTOS/efm32gg/tasks.o
 .bss.uxPendedTicks
                0x20002668        0x4 ./FreeRTOS/efm32gg/tasks.o
 .bss.xYieldPending
                0x2000266c        0x4 ./FreeRTOS/efm32gg/tasks.o
 .bss.xNumOfOverflows
                0x20002670        0x4 ./FreeRTOS/efm32gg/tasks.o
 .bss.uxTaskNumber
                0x20002674        0x4 ./FreeRTOS/efm32gg/tasks.o
 .bss.xNextTaskUnblockTime
                0x20002678        0x4 ./FreeRTOS/efm32gg/tasks.o
 .bss.xIdleTaskHandle
                0x2000267c        0x4 ./FreeRTOS/efm32gg/tasks.o
 .bss.uxSchedulerSuspended
                0x20002680        0x4 ./FreeRTOS/efm32gg/tasks.o
 .bss.xActiveTimerList1
                0x20002684       0x14 ./FreeRTOS/efm32gg/timers.o
 .bss.xActiveTimerList2
                0x20002698       0x14 ./FreeRTOS/efm32gg/timers.o
 .bss.pxCurrentTimerList
                0x200026ac        0x4 ./FreeRTOS/efm32gg/timers.o
 .bss.pxOverflowTimerList
                0x200026b0        0x4 ./FreeRTOS/efm32gg/timers.o
 .bss.xTimerQueue
                0x200026b4        0x4 ./FreeRTOS/efm32gg/timers.o
 .bss.xTimerTaskHandle
                0x200026b8        0x4 ./FreeRTOS/efm32gg/timers.o
 .bss.xLastTime.4762
                0x200026bc        0x4 ./FreeRTOS/efm32gg/timers.o
 .bss.cmuStatus.5801
                0x200026c0        0x4 ./emlib/em_emu.o
 .bss.hfClock.5802
                0x200026c4        0x1 ./emlib/em_emu.o
 *fill*         0x200026c5        0x1 
 .bss.shotNumber
                0x200026c6        0x2 ./src/playground.o
                0x200026c6                shotNumber
 .bss.__malloc_free_list
                0x200026c8        0x4 c:/siliconlabs/simplicitystudio/v4/developer/toolchains/gnu_arm/7.2_2017q4/bin/../lib/gcc/arm-none-eabi/7.2.1/../../../../arm-none-eabi/lib/thumb/v7-m\libc_nano.a(lib_a-nano-mallocr.o)
                0x200026c8                __malloc_free_list
 .bss.__malloc_sbrk_start
                0x200026cc        0x4 c:/siliconlabs/simplicitystudio/v4/developer/toolchains/gnu_arm/7.2_2017q4/bin/../lib/gcc/arm-none-eabi/7.2.1/../../../../arm-none-eabi/lib/thumb/v7-m\libc_nano.a(lib_a-nano-mallocr.o)
                0x200026cc                __malloc_sbrk_start
 .bss.heap_end.4102
                0x200026d0        0x4 c:/siliconlabs/simplicitystudio/v4/developer/toolchains/gnu_arm/7.2_2017q4/bin/../lib/gcc/arm-none-eabi/7.2.1/../../../../arm-none-eabi/lib/thumb/v7-m\libnosys.a(sbrk.o)
 *(COMMON)
 COMMON         0x200026d4       0x50 ./FreeRTOS/efm32gg/queue.o
                0x200026d4                xQueueRegistry
 COMMON         0x20002724       0x12 ./src/lcd.o
                0x20002724                upperCharSegments
                0x20002728                lowerCharSegments
 *fill*         0x20002736        0x2 
 COMMON         0x20002738      0x2d0 ./src/main.o
                0x20002738                map
                0x200029f4                SemaphoreShot
                0x200029f8                UsartFlag
                0x200029fc                SemaphoreUsart
                0x20002a00                UsartData
                0x20002a04                SemaphoreWin
 COMMON         0x20002a08        0x8 ./src/playground.o
                0x20002a08                HandleLoad
                0x20002a0c                HandleCreate
 COMMON         0x20002a10        0x4 c:/siliconlabs/simplicitystudio/v4/developer/toolchains/gnu_arm/7.2_2017q4/bin/../lib/gcc/arm-none-eabi/7.2.1/../../../../arm-none-eabi/lib/thumb/v7-m\libc_nano.a(lib_a-reent.o)
                0x20002a10                errno
                0x20002a14                . = ALIGN (0x4)
                0x20002a14                __bss_end__ = .

.heap           0x20002a18      0xc00
                0x20002a18                __HeapBase = .
                0x20002a18                __end__ = .
                0x20002a18                end = __end__
                0x20002a18                _end = __end__
 *(.heap*)
 .heap          0x20002a18      0xc00 ./CMSIS/EFM32GG/startup_gcc_efm32gg.o
                0x20003618                __HeapLimit = .

.stack_dummy    0x20002a18      0x400
 *(.stack*)
 .stack         0x20002a18      0x400 ./CMSIS/EFM32GG/startup_gcc_efm32gg.o
                0x20020000                __StackTop = (ORIGIN (RAM) + LENGTH (RAM))
                0x2001fc00                __StackLimit = (__StackTop - SIZEOF (.stack_dummy))
                0x20020000                PROVIDE (__stack, __StackTop)
                0x00000001                ASSERT ((__StackLimit >= __HeapLimit), region RAM overflowed with stack)
                0x00000001                ASSERT ((LENGTH (FLASH) >= (__etext + SIZEOF (.data))), FLASH memory overflowed !)
OUTPUT(PEP-hazi_v4.axf elf32-littlearm)

.ARM.attributes
                0x00000000       0x29
 .ARM.attributes
                0x00000000       0x1d c:/siliconlabs/simplicitystudio/v4/developer/toolchains/gnu_arm/7.2_2017q4/bin/../lib/gcc/arm-none-eabi/7.2.1/thumb/v7-m/crti.o
 .ARM.attributes
                0x0000001d       0x2d c:/siliconlabs/simplicitystudio/v4/developer/toolchains/gnu_arm/7.2_2017q4/bin/../lib/gcc/arm-none-eabi/7.2.1/thumb/v7-m/crtbegin.o
 .ARM.attributes
                0x0000004a       0x1b c:/siliconlabs/simplicitystudio/v4/developer/toolchains/gnu_arm/7.2_2017q4/bin/../lib/gcc/arm-none-eabi/7.2.1/../../../../arm-none-eabi/lib/thumb/v7-m/crt0.o
 .ARM.attributes
                0x00000065       0x1b ./CMSIS/EFM32GG/startup_gcc_efm32gg.o
 .ARM.attributes
                0x00000080       0x33 ./CMSIS/EFM32GG/system_efm32gg.o
 .ARM.attributes
                0x000000b3       0x33 ./Drivers/segmentlcd.o
 .ARM.attributes
                0x000000e6       0x33 ./Drivers/sleep.o
 .ARM.attributes
                0x00000119       0x33 ./FreeRTOS/efm32gg/heap_1.o
 .ARM.attributes
                0x0000014c       0x33 ./FreeRTOS/efm32gg/list.o
 .ARM.attributes
                0x0000017f       0x33 ./FreeRTOS/efm32gg/port_gcc.o
 .ARM.attributes
                0x000001b2       0x33 ./FreeRTOS/efm32gg/queue.o
 .ARM.attributes
                0x000001e5       0x33 ./FreeRTOS/efm32gg/tasks.o
 .ARM.attributes
                0x00000218       0x33 ./FreeRTOS/efm32gg/timers.o
 .ARM.attributes
                0x0000024b       0x33 ./emlib/em_assert.o
 .ARM.attributes
                0x0000027e       0x33 ./emlib/em_cmu.o
 .ARM.attributes
                0x000002b1       0x33 ./emlib/em_core.o
 .ARM.attributes
                0x000002e4       0x33 ./emlib/em_emu.o
 .ARM.attributes
                0x00000317       0x33 ./emlib/em_gpio.o
 .ARM.attributes
                0x0000034a       0x33 ./emlib/em_lcd.o
 .ARM.attributes
                0x0000037d       0x33 ./emlib/em_usart.o
 .ARM.attributes
                0x000003b0       0x33 ./src/lcd.o
 .ARM.attributes
                0x000003e3       0x33 ./src/low_power_tick_management.o
 .ARM.attributes
                0x00000416       0x33 ./src/main.o
 .ARM.attributes
                0x00000449       0x33 ./src/movement.o
 .ARM.attributes
                0x0000047c       0x33 ./src/playground.o
 .ARM.attributes
                0x000004af       0x33 ./src/segmentlcd_individual.o
 .ARM.attributes
                0x000004e2       0x2d c:/siliconlabs/simplicitystudio/v4/developer/toolchains/gnu_arm/7.2_2017q4/bin/../lib/gcc/arm-none-eabi/7.2.1/../../../../arm-none-eabi/lib/thumb/v7-m\libc_nano.a(lib_a-abs.o)
 .ARM.attributes
                0x0000050f       0x2d c:/siliconlabs/simplicitystudio/v4/developer/toolchains/gnu_arm/7.2_2017q4/bin/../lib/gcc/arm-none-eabi/7.2.1/../../../../arm-none-eabi/lib/thumb/v7-m\libc_nano.a(lib_a-exit.o)
 .ARM.attributes
                0x0000053c       0x2d c:/siliconlabs/simplicitystudio/v4/developer/toolchains/gnu_arm/7.2_2017q4/bin/../lib/gcc/arm-none-eabi/7.2.1/../../../../arm-none-eabi/lib/thumb/v7-m\libc_nano.a(lib_a-impure.o)
 .ARM.attributes
                0x00000569       0x2d c:/siliconlabs/simplicitystudio/v4/developer/toolchains/gnu_arm/7.2_2017q4/bin/../lib/gcc/arm-none-eabi/7.2.1/../../../../arm-none-eabi/lib/thumb/v7-m\libc_nano.a(lib_a-init.o)
 .ARM.attributes
                0x00000596       0x2d c:/siliconlabs/simplicitystudio/v4/developer/toolchains/gnu_arm/7.2_2017q4/bin/../lib/gcc/arm-none-eabi/7.2.1/../../../../arm-none-eabi/lib/thumb/v7-m\libc_nano.a(lib_a-memcpy-stub.o)
 .ARM.attributes
                0x000005c3       0x2d c:/siliconlabs/simplicitystudio/v4/developer/toolchains/gnu_arm/7.2_2017q4/bin/../lib/gcc/arm-none-eabi/7.2.1/../../../../arm-none-eabi/lib/thumb/v7-m\libc_nano.a(lib_a-memset.o)
 .ARM.attributes
                0x000005f0       0x2d c:/siliconlabs/simplicitystudio/v4/developer/toolchains/gnu_arm/7.2_2017q4/bin/../lib/gcc/arm-none-eabi/7.2.1/../../../../arm-none-eabi/lib/thumb/v7-m\libc_nano.a(lib_a-sprintf.o)
 .ARM.attributes
                0x0000061d       0x17 c:/siliconlabs/simplicitystudio/v4/developer/toolchains/gnu_arm/7.2_2017q4/bin/../lib/gcc/arm-none-eabi/7.2.1/../../../../arm-none-eabi/lib/thumb/v7-m\libc_nano.a(lib_a-strlen.o)
 .ARM.attributes
                0x00000634       0x2d c:/siliconlabs/simplicitystudio/v4/developer/toolchains/gnu_arm/7.2_2017q4/bin/../lib/gcc/arm-none-eabi/7.2.1/../../../../arm-none-eabi/lib/thumb/v7-m\libc_nano.a(lib_a-nano-svfprintf.o)
 .ARM.attributes
                0x00000661       0x2d c:/siliconlabs/simplicitystudio/v4/developer/toolchains/gnu_arm/7.2_2017q4/bin/../lib/gcc/arm-none-eabi/7.2.1/../../../../arm-none-eabi/lib/thumb/v7-m\libc_nano.a(lib_a-nano-vfprintf_i.o)
 .ARM.attributes
                0x0000068e       0x2d c:/siliconlabs/simplicitystudio/v4/developer/toolchains/gnu_arm/7.2_2017q4/bin/../lib/gcc/arm-none-eabi/7.2.1/../../../../arm-none-eabi/lib/thumb/v7-m\libc_nano.a(lib_a-memchr-stub.o)
 .ARM.attributes
                0x000006bb       0x2d c:/siliconlabs/simplicitystudio/v4/developer/toolchains/gnu_arm/7.2_2017q4/bin/../lib/gcc/arm-none-eabi/7.2.1/../../../../arm-none-eabi/lib/thumb/v7-m\libc_nano.a(lib_a-memmove.o)
 .ARM.attributes
                0x000006e8       0x2d c:/siliconlabs/simplicitystudio/v4/developer/toolchains/gnu_arm/7.2_2017q4/bin/../lib/gcc/arm-none-eabi/7.2.1/../../../../arm-none-eabi/lib/thumb/v7-m\libc_nano.a(lib_a-nano-freer.o)
 .ARM.attributes
                0x00000715       0x2d c:/siliconlabs/simplicitystudio/v4/developer/toolchains/gnu_arm/7.2_2017q4/bin/../lib/gcc/arm-none-eabi/7.2.1/../../../../arm-none-eabi/lib/thumb/v7-m\libc_nano.a(lib_a-nano-mallocr.o)
 .ARM.attributes
                0x00000742       0x2d c:/siliconlabs/simplicitystudio/v4/developer/toolchains/gnu_arm/7.2_2017q4/bin/../lib/gcc/arm-none-eabi/7.2.1/../../../../arm-none-eabi/lib/thumb/v7-m\libc_nano.a(lib_a-nano-reallocr.o)
 .ARM.attributes
                0x0000076f       0x2d c:/siliconlabs/simplicitystudio/v4/developer/toolchains/gnu_arm/7.2_2017q4/bin/../lib/gcc/arm-none-eabi/7.2.1/../../../../arm-none-eabi/lib/thumb/v7-m\libc_nano.a(lib_a-sbrkr.o)
 .ARM.attributes
                0x0000079c       0x2d c:/siliconlabs/simplicitystudio/v4/developer/toolchains/gnu_arm/7.2_2017q4/bin/../lib/gcc/arm-none-eabi/7.2.1/../../../../arm-none-eabi/lib/thumb/v7-m\libc_nano.a(lib_a-mlock.o)
 .ARM.attributes
                0x000007c9       0x2d c:/siliconlabs/simplicitystudio/v4/developer/toolchains/gnu_arm/7.2_2017q4/bin/../lib/gcc/arm-none-eabi/7.2.1/../../../../arm-none-eabi/lib/thumb/v7-m\libc_nano.a(lib_a-nano-msizer.o)
 .ARM.attributes
                0x000007f6       0x2d c:/siliconlabs/simplicitystudio/v4/developer/toolchains/gnu_arm/7.2_2017q4/bin/../lib/gcc/arm-none-eabi/7.2.1/../../../../arm-none-eabi/lib/thumb/v7-m\libc_nano.a(lib_a-reent.o)
 .ARM.attributes
                0x00000823       0x2d c:/siliconlabs/simplicitystudio/v4/developer/toolchains/gnu_arm/7.2_2017q4/bin/../lib/gcc/arm-none-eabi/7.2.1/../../../../arm-none-eabi/lib/thumb/v7-m\libnosys.a(sbrk.o)
 .ARM.attributes
                0x00000850       0x2d c:/siliconlabs/simplicitystudio/v4/developer/toolchains/gnu_arm/7.2_2017q4/bin/../lib/gcc/arm-none-eabi/7.2.1/../../../../arm-none-eabi/lib/thumb/v7-m\libnosys.a(_exit.o)
 .ARM.attributes
                0x0000087d       0x2d c:/siliconlabs/simplicitystudio/v4/developer/toolchains/gnu_arm/7.2_2017q4/bin/../lib/gcc/arm-none-eabi/7.2.1/thumb/v7-m/crtend.o
 .ARM.attributes
                0x000008aa       0x1d c:/siliconlabs/simplicitystudio/v4/developer/toolchains/gnu_arm/7.2_2017q4/bin/../lib/gcc/arm-none-eabi/7.2.1/thumb/v7-m/crtn.o

.comment        0x00000000       0x7e
 .comment       0x00000000       0x7e ./CMSIS/EFM32GG/system_efm32gg.o
                                 0x7f (size before relaxing)
 .comment       0x0000007e       0x7f ./Drivers/segmentlcd.o
 .comment       0x0000007e       0x7f ./Drivers/sleep.o
 .comment       0x0000007e       0x7f ./FreeRTOS/efm32gg/heap_1.o
 .comment       0x0000007e       0x7f ./FreeRTOS/efm32gg/list.o
 .comment       0x0000007e       0x7f ./FreeRTOS/efm32gg/port_gcc.o
 .comment       0x0000007e       0x7f ./FreeRTOS/efm32gg/queue.o
 .comment       0x0000007e       0x7f ./FreeRTOS/efm32gg/tasks.o
 .comment       0x0000007e       0x7f ./FreeRTOS/efm32gg/timers.o
 .comment       0x0000007e       0x7f ./emlib/em_assert.o
 .comment       0x0000007e       0x7f ./emlib/em_cmu.o
 .comment       0x0000007e       0x7f ./emlib/em_core.o
 .comment       0x0000007e       0x7f ./emlib/em_emu.o
 .comment       0x0000007e       0x7f ./emlib/em_gpio.o
 .comment       0x0000007e       0x7f ./emlib/em_lcd.o
 .comment       0x0000007e       0x7f ./emlib/em_usart.o
 .comment       0x0000007e       0x7f ./src/lcd.o
 .comment       0x0000007e       0x7f ./src/low_power_tick_management.o
 .comment       0x0000007e       0x7f ./src/main.o
 .comment       0x0000007e       0x7f ./src/movement.o
 .comment       0x0000007e       0x7f ./src/playground.o
 .comment       0x0000007e       0x7f ./src/segmentlcd_individual.o

.debug_line     0x00000000     0xdf32
 .debug_line    0x00000000       0x72 ./CMSIS/EFM32GG/startup_gcc_efm32gg.o
 .debug_line    0x00000072      0x835 ./CMSIS/EFM32GG/system_efm32gg.o
 .debug_line    0x000008a7      0xd78 ./Drivers/segmentlcd.o
 .debug_line    0x0000161f      0xa35 ./Drivers/sleep.o
 .debug_line    0x00002054      0x556 ./FreeRTOS/efm32gg/heap_1.o
 .debug_line    0x000025aa      0x56b ./FreeRTOS/efm32gg/list.o
 .debug_line    0x00002b15      0x5e2 ./FreeRTOS/efm32gg/port_gcc.o
 .debug_line    0x000030f7      0xa29 ./FreeRTOS/efm32gg/queue.o
 .debug_line    0x00003b20      0xe46 ./FreeRTOS/efm32gg/tasks.o
 .debug_line    0x00004966      0x7ae ./FreeRTOS/efm32gg/timers.o
 .debug_line    0x00005114      0x12f ./emlib/em_assert.o
 .debug_line    0x00005243     0x112b ./emlib/em_cmu.o
 .debug_line    0x0000636e      0xb5f ./emlib/em_core.o
 .debug_line    0x00006ecd      0xc23 ./emlib/em_emu.o
 .debug_line    0x00007af0      0xa98 ./emlib/em_gpio.o
 .debug_line    0x00008588      0xa60 ./emlib/em_lcd.o
 .debug_line    0x00008fe8      0xbd5 ./emlib/em_usart.o
 .debug_line    0x00009bbd      0xa8e ./src/lcd.o
 .debug_line    0x0000a64b      0xa70 ./src/low_power_tick_management.o
 .debug_line    0x0000b0bb      0xc70 ./src/main.o
 .debug_line    0x0000bd2b      0xc1e ./src/movement.o
 .debug_line    0x0000c949      0xd7a ./src/playground.o
 .debug_line    0x0000d6c3      0x86f ./src/segmentlcd_individual.o

.debug_info     0x00000000    0x1331a
 .debug_info    0x00000000       0x26 ./CMSIS/EFM32GG/startup_gcc_efm32gg.o
 .debug_info    0x00000026      0x7a7 ./CMSIS/EFM32GG/system_efm32gg.o
 .debug_info    0x000007cd     0x1bfd ./Drivers/segmentlcd.o
 .debug_info    0x000023ca      0xee7 ./Drivers/sleep.o
 .debug_info    0x000032b1      0xa86 ./FreeRTOS/efm32gg/heap_1.o
 .debug_info    0x00003d37      0xbc6 ./FreeRTOS/efm32gg/list.o
 .debug_info    0x000048fd      0x3e1 ./FreeRTOS/efm32gg/port_gcc.o
 .debug_info    0x00004cde     0x179d ./FreeRTOS/efm32gg/queue.o
 .debug_info    0x0000647b     0x1f35 ./FreeRTOS/efm32gg/tasks.o
 .debug_info    0x000083b0     0x12b8 ./FreeRTOS/efm32gg/timers.o
 .debug_info    0x00009668       0x7e ./emlib/em_assert.o
 .debug_info    0x000096e6     0x1624 ./emlib/em_cmu.o
 .debug_info    0x0000ad0a      0xda0 ./emlib/em_core.o
 .debug_info    0x0000baaa     0x118a ./emlib/em_emu.o
 .debug_info    0x0000cc34      0x6f4 ./emlib/em_gpio.o
 .debug_info    0x0000d328      0xb0e ./emlib/em_lcd.o
 .debug_info    0x0000de36      0xf50 ./emlib/em_usart.o
 .debug_info    0x0000ed86      0x522 ./src/lcd.o
 .debug_info    0x0000f2a8      0x13a ./src/low_power_tick_management.o
 .debug_info    0x0000f3e2     0x1829 ./src/main.o
 .debug_info    0x00010c0b      0xd94 ./src/movement.o
 .debug_info    0x0001199f     0x12ad ./src/playground.o
 .debug_info    0x00012c4c      0x6ce ./src/segmentlcd_individual.o

.debug_abbrev   0x00000000     0x3022
 .debug_abbrev  0x00000000       0x14 ./CMSIS/EFM32GG/startup_gcc_efm32gg.o
 .debug_abbrev  0x00000014      0x1eb ./CMSIS/EFM32GG/system_efm32gg.o
 .debug_abbrev  0x000001ff      0x2ba ./Drivers/segmentlcd.o
 .debug_abbrev  0x000004b9      0x2b5 ./Drivers/sleep.o
 .debug_abbrev  0x0000076e      0x201 ./FreeRTOS/efm32gg/heap_1.o
 .debug_abbrev  0x0000096f      0x1d1 ./FreeRTOS/efm32gg/list.o
 .debug_abbrev  0x00000b40      0x1d4 ./FreeRTOS/efm32gg/port_gcc.o
 .debug_abbrev  0x00000d14      0x2cf ./FreeRTOS/efm32gg/queue.o
 .debug_abbrev  0x00000fe3      0x363 ./FreeRTOS/efm32gg/tasks.o
 .debug_abbrev  0x00001346      0x25e ./FreeRTOS/efm32gg/timers.o
 .debug_abbrev  0x000015a4       0x68 ./emlib/em_assert.o
 .debug_abbrev  0x0000160c      0x2ed ./emlib/em_cmu.o
 .debug_abbrev  0x000018f9      0x28f ./emlib/em_core.o
 .debug_abbrev  0x00001b88      0x2ad ./emlib/em_emu.o
 .debug_abbrev  0x00001e35      0x203 ./emlib/em_gpio.o
 .debug_abbrev  0x00002038      0x24b ./emlib/em_lcd.o
 .debug_abbrev  0x00002283      0x230 ./emlib/em_usart.o
 .debug_abbrev  0x000024b3      0x1a9 ./src/lcd.o
 .debug_abbrev  0x0000265c       0xc3 ./src/low_power_tick_management.o
 .debug_abbrev  0x0000271f      0x2e3 ./src/main.o
 .debug_abbrev  0x00002a02      0x1f9 ./src/movement.o
 .debug_abbrev  0x00002bfb      0x299 ./src/playground.o
 .debug_abbrev  0x00002e94      0x18e ./src/segmentlcd_individual.o

.debug_aranges  0x00000000      0xcf0
 .debug_aranges
                0x00000000       0x20 ./CMSIS/EFM32GG/startup_gcc_efm32gg.o
 .debug_aranges
                0x00000020       0x70 ./CMSIS/EFM32GG/system_efm32gg.o
 .debug_aranges
                0x00000090       0xc8 ./Drivers/segmentlcd.o
 .debug_aranges
                0x00000158       0x68 ./Drivers/sleep.o
 .debug_aranges
                0x000001c0       0x38 ./FreeRTOS/efm32gg/heap_1.o
 .debug_aranges
                0x000001f8       0x40 ./FreeRTOS/efm32gg/list.o
 .debug_aranges
                0x00000238       0x78 ./FreeRTOS/efm32gg/port_gcc.o
 .debug_aranges
                0x000002b0       0xe8 ./FreeRTOS/efm32gg/queue.o
 .debug_aranges
                0x00000398      0x1a0 ./FreeRTOS/efm32gg/tasks.o
 .debug_aranges
                0x00000538       0xb8 ./FreeRTOS/efm32gg/timers.o
 .debug_aranges
                0x000005f0       0x20 ./emlib/em_assert.o
 .debug_aranges
                0x00000610      0x180 ./emlib/em_cmu.o
 .debug_aranges
                0x00000790       0xe8 ./emlib/em_core.o
 .debug_aranges
                0x00000878       0xe8 ./emlib/em_emu.o
 .debug_aranges
                0x00000960       0x78 ./emlib/em_gpio.o
 .debug_aranges
                0x000009d8       0xa8 ./emlib/em_lcd.o
 .debug_aranges
                0x00000a80       0xd0 ./emlib/em_usart.o
 .debug_aranges
                0x00000b50       0x68 ./src/lcd.o
 .debug_aranges
                0x00000bb8       0x20 ./src/low_power_tick_management.o
 .debug_aranges
                0x00000bd8       0x50 ./src/main.o
 .debug_aranges
                0x00000c28       0x38 ./src/movement.o
 .debug_aranges
                0x00000c60       0x58 ./src/playground.o
 .debug_aranges
                0x00000cb8       0x38 ./src/segmentlcd_individual.o

.debug_str      0x00000000    0xe6bc7
 .debug_str     0x00000000       0x74 ./CMSIS/EFM32GG/startup_gcc_efm32gg.o
 .debug_str     0x00000074    0xd2829 ./CMSIS/EFM32GG/system_efm32gg.o
                              0xd2e99 (size before relaxing)
 .debug_str     0x000d289d     0x8460 ./Drivers/segmentlcd.o
                              0xdb18d (size before relaxing)
 .debug_str     0x000dacfd      0x9f6 ./Drivers/sleep.o
                              0xd6966 (size before relaxing)
 .debug_str     0x000db6f3     0x36d4 ./FreeRTOS/efm32gg/heap_1.o
                               0xa381 (size before relaxing)
 .debug_str     0x000dedc7      0x13d ./FreeRTOS/efm32gg/list.o
                               0x9ded (size before relaxing)
 .debug_str     0x000def04      0x722 ./FreeRTOS/efm32gg/port_gcc.o
                               0x7bc9 (size before relaxing)
 .debug_str     0x000df626      0xedf ./FreeRTOS/efm32gg/queue.o
                               0xb2d9 (size before relaxing)
 .debug_str     0x000e0505     0x190e ./FreeRTOS/efm32gg/tasks.o
                               0xbe0a (size before relaxing)
 .debug_str     0x000e1e13      0x406 ./FreeRTOS/efm32gg/timers.o
                               0xb7d1 (size before relaxing)
 .debug_str     0x000e2219       0x1f ./emlib/em_assert.o
                               0x2d90 (size before relaxing)
 .debug_str     0x000e2238      0xe44 ./emlib/em_cmu.o
                              0xd6cfb (size before relaxing)
 .debug_str     0x000e307c      0x5fe ./emlib/em_core.o
                              0xd3ae5 (size before relaxing)
 .debug_str     0x000e367a      0x6c2 ./emlib/em_emu.o
                              0xd6f3e (size before relaxing)
 .debug_str     0x000e3d3c      0x46a ./emlib/em_gpio.o
                              0xd36f3 (size before relaxing)
 .debug_str     0x000e41a6      0x35a ./emlib/em_lcd.o
                              0xd3359 (size before relaxing)
 .debug_str     0x000e4500      0xd97 ./emlib/em_usart.o
                              0xd5056 (size before relaxing)
 .debug_str     0x000e5297      0x1c5 ./src/lcd.o
                              0xd6102 (size before relaxing)
 .debug_str     0x000e545c      0x172 ./src/low_power_tick_management.o
                              0xd8227 (size before relaxing)
 .debug_str     0x000e55ce      0x69e ./src/main.o
                              0xdf9a4 (size before relaxing)
 .debug_str     0x000e5c6c       0x3e ./src/movement.o
                              0xddbda (size before relaxing)
 .debug_str     0x000e5caa       0xbc ./src/playground.o
                              0xddd5f (size before relaxing)
 .debug_str     0x000e5d66      0xe61 ./src/segmentlcd_individual.o
                              0xd3c48 (size before relaxing)

.debug_loc      0x00000000     0x68f2
 .debug_loc     0x00000000      0x31c ./CMSIS/EFM32GG/system_efm32gg.o
 .debug_loc     0x0000031c      0x66a ./Drivers/segmentlcd.o
 .debug_loc     0x00000986      0x2fc ./Drivers/sleep.o
 .debug_loc     0x00000c82      0x128 ./FreeRTOS/efm32gg/heap_1.o
 .debug_loc     0x00000daa      0x1cc ./FreeRTOS/efm32gg/list.o
 .debug_loc     0x00000f76      0x294 ./FreeRTOS/efm32gg/port_gcc.o
 .debug_loc     0x0000120a      0x844 ./FreeRTOS/efm32gg/queue.o
 .debug_loc     0x00001a4e      0xf44 ./FreeRTOS/efm32gg/tasks.o
 .debug_loc     0x00002992      0x5ec ./FreeRTOS/efm32gg/timers.o
 .debug_loc     0x00002f7e       0x38 ./emlib/em_assert.o
 .debug_loc     0x00002fb6      0xde0 ./emlib/em_cmu.o
 .debug_loc     0x00003d96      0x844 ./emlib/em_core.o
 .debug_loc     0x000045da      0x7a8 ./emlib/em_emu.o
 .debug_loc     0x00004d82      0x3e4 ./emlib/em_gpio.o
 .debug_loc     0x00005166      0x60c ./emlib/em_lcd.o
 .debug_loc     0x00005772      0x7c2 ./emlib/em_usart.o
 .debug_loc     0x00005f34      0x320 ./src/lcd.o
 .debug_loc     0x00006254       0x2c ./src/low_power_tick_management.o
 .debug_loc     0x00006280      0x218 ./src/main.o
 .debug_loc     0x00006498      0x110 ./src/movement.o
 .debug_loc     0x000065a8      0x1f2 ./src/playground.o
 .debug_loc     0x0000679a      0x158 ./src/segmentlcd_individual.o

.debug_ranges   0x00000000      0xb70
 .debug_ranges  0x00000000       0x60 ./CMSIS/EFM32GG/system_efm32gg.o
 .debug_ranges  0x00000060       0xb8 ./Drivers/segmentlcd.o
 .debug_ranges  0x00000118       0x58 ./Drivers/sleep.o
 .debug_ranges  0x00000170       0x28 ./FreeRTOS/efm32gg/heap_1.o
 .debug_ranges  0x00000198       0x30 ./FreeRTOS/efm32gg/list.o
 .debug_ranges  0x000001c8       0x68 ./FreeRTOS/efm32gg/port_gcc.o
 .debug_ranges  0x00000230       0xd8 ./FreeRTOS/efm32gg/queue.o
 .debug_ranges  0x00000308      0x190 ./FreeRTOS/efm32gg/tasks.o
 .debug_ranges  0x00000498       0xa8 ./FreeRTOS/efm32gg/timers.o
 .debug_ranges  0x00000540       0x10 ./emlib/em_assert.o
 .debug_ranges  0x00000550      0x170 ./emlib/em_cmu.o
 .debug_ranges  0x000006c0       0xd8 ./emlib/em_core.o
 .debug_ranges  0x00000798       0xd8 ./emlib/em_emu.o
 .debug_ranges  0x00000870       0x68 ./emlib/em_gpio.o
 .debug_ranges  0x000008d8       0x98 ./emlib/em_lcd.o
 .debug_ranges  0x00000970       0xc0 ./emlib/em_usart.o
 .debug_ranges  0x00000a30       0x58 ./src/lcd.o
 .debug_ranges  0x00000a88       0x10 ./src/low_power_tick_management.o
 .debug_ranges  0x00000a98       0x40 ./src/main.o
 .debug_ranges  0x00000ad8       0x28 ./src/movement.o
 .debug_ranges  0x00000b00       0x48 ./src/playground.o
 .debug_ranges  0x00000b48       0x28 ./src/segmentlcd_individual.o

.debug_macro    0x00000000     0x56b0
 .debug_macro   0x00000000      0x28e ./CMSIS/EFM32GG/system_efm32gg.o
 .debug_macro   0x0000028e      0x432 ./Drivers/segmentlcd.o
 .debug_macro   0x000006c0       0x52 ./Drivers/segmentlcd.o
 .debug_macro   0x00000712       0x17 ./Drivers/segmentlcd.o
 .debug_macro   0x00000729       0x55 ./Drivers/segmentlcd.o
 .debug_macro   0x0000077e       0x35 ./Drivers/segmentlcd.o
 .debug_macro   0x000007b3       0x9c ./Drivers/segmentlcd.o
 .debug_macro   0x0000084f       0x16 ./Drivers/segmentlcd.o
 .debug_macro   0x00000865       0x57 ./Drivers/segmentlcd.o
 .debug_macro   0x000008bc       0x97 ./Drivers/segmentlcd.o
 .debug_macro   0x00000953      0x353 ./Drivers/segmentlcd.o
 .debug_macro   0x00000ca6       0xf6 ./Drivers/segmentlcd.o
 .debug_macro   0x00000d9c       0x10 ./Drivers/segmentlcd.o
 .debug_macro   0x00000dac       0x58 ./Drivers/segmentlcd.o
 .debug_macro   0x00000e04       0x1f ./Drivers/segmentlcd.o
 .debug_macro   0x00000e23       0x43 ./Drivers/segmentlcd.o
 .debug_macro   0x00000e66       0x20 ./Drivers/segmentlcd.o
 .debug_macro   0x00000e86      0x18e ./Drivers/segmentlcd.o
 .debug_macro   0x00001014       0x10 ./Drivers/segmentlcd.o
 .debug_macro   0x00001024       0xb6 ./Drivers/segmentlcd.o
 .debug_macro   0x000010da       0x16 ./Drivers/segmentlcd.o
 .debug_macro   0x000010f0      0x129 ./Drivers/segmentlcd.o
 .debug_macro   0x00001219       0x16 ./Drivers/segmentlcd.o
 .debug_macro   0x0000122f       0x35 ./Drivers/segmentlcd.o
 .debug_macro   0x00001264       0x16 ./Drivers/segmentlcd.o
 .debug_macro   0x0000127a       0x22 ./Drivers/segmentlcd.o
 .debug_macro   0x0000129c       0xbd ./Drivers/segmentlcd.o
 .debug_macro   0x00001359       0x1d ./Drivers/segmentlcd.o
 .debug_macro   0x00001376      0x117 ./Drivers/segmentlcd.o
 .debug_macro   0x0000148d       0x22 ./Drivers/segmentlcd.o
 .debug_macro   0x000014af      0x396 ./Drivers/sleep.o
 .debug_macro   0x00001845       0x63 ./Drivers/sleep.o
 .debug_macro   0x000018a8       0xba ./Drivers/sleep.o
 .debug_macro   0x00001962       0x11 ./Drivers/sleep.o
 .debug_macro   0x00001973       0x19 ./Drivers/sleep.o
 .debug_macro   0x0000198c       0x2d ./Drivers/sleep.o
 .debug_macro   0x000019b9       0x58 ./Drivers/sleep.o
 .debug_macro   0x00001a11      0x10e ./Drivers/sleep.o
 .debug_macro   0x00001b1f       0x86 ./Drivers/sleep.o
 .debug_macro   0x00001ba5      0x34d ./Drivers/sleep.o
 .debug_macro   0x00001ef2      0x1a3 ./FreeRTOS/efm32gg/heap_1.o
 .debug_macro   0x00002095      0x182 ./FreeRTOS/efm32gg/list.o
 .debug_macro   0x00002217      0x18d ./FreeRTOS/efm32gg/port_gcc.o
 .debug_macro   0x000023a4      0x1f6 ./FreeRTOS/efm32gg/queue.o
 .debug_macro   0x0000259a       0x95 ./FreeRTOS/efm32gg/queue.o
 .debug_macro   0x0000262f      0x258 ./FreeRTOS/efm32gg/tasks.o
 .debug_macro   0x00002887       0x11 ./FreeRTOS/efm32gg/tasks.o
 .debug_macro   0x00002898      0x1bf ./FreeRTOS/efm32gg/timers.o
 .debug_macro   0x00002a57       0x23 ./emlib/em_assert.o
 .debug_macro   0x00002a7a      0x367 ./emlib/em_cmu.o
 .debug_macro   0x00002de1       0x25 ./emlib/em_cmu.o
 .debug_macro   0x00002e06       0xee ./emlib/em_cmu.o
 .debug_macro   0x00002ef4       0x1f ./emlib/em_cmu.o
 .debug_macro   0x00002f13      0x2c0 ./emlib/em_core.o
 .debug_macro   0x000031d3      0x370 ./emlib/em_emu.o
 .debug_macro   0x00003543       0xc0 ./emlib/em_emu.o
 .debug_macro   0x00003603       0x34 ./emlib/em_emu.o
 .debug_macro   0x00003637      0x2a7 ./emlib/em_gpio.o
 .debug_macro   0x000038de      0x29b ./emlib/em_lcd.o
 .debug_macro   0x00003b79       0x17 ./emlib/em_lcd.o
 .debug_macro   0x00003b90      0x2eb ./emlib/em_usart.o
 .debug_macro   0x00003e7b       0xeb ./emlib/em_usart.o
 .debug_macro   0x00003f66      0x2e9 ./src/lcd.o
 .debug_macro   0x0000424f       0x16 ./src/lcd.o
 .debug_macro   0x00004265      0x35c ./src/low_power_tick_management.o
 .debug_macro   0x000045c1       0x16 ./src/low_power_tick_management.o
 .debug_macro   0x000045d7       0x41 ./src/low_power_tick_management.o
 .debug_macro   0x00004618      0x498 ./src/main.o
 .debug_macro   0x00004ab0       0x63 ./src/main.o
 .debug_macro   0x00004b13      0x477 ./src/movement.o
 .debug_macro   0x00004f8a      0x473 ./src/playground.o
 .debug_macro   0x000053fd      0x2a3 ./src/segmentlcd_individual.o
 .debug_macro   0x000056a0       0x10 ./src/segmentlcd_individual.o

.debug_frame    0x00000000     0x35b4
 .debug_frame   0x00000000      0x180 ./CMSIS/EFM32GG/system_efm32gg.o
 .debug_frame   0x00000180      0x318 ./Drivers/segmentlcd.o
 .debug_frame   0x00000498      0x170 ./Drivers/sleep.o
 .debug_frame   0x00000608       0x98 ./FreeRTOS/efm32gg/heap_1.o
 .debug_frame   0x000006a0       0xd8 ./FreeRTOS/efm32gg/list.o
 .debug_frame   0x00000778      0x178 ./FreeRTOS/efm32gg/port_gcc.o
 .debug_frame   0x000008f0      0x3c4 ./FreeRTOS/efm32gg/queue.o
 .debug_frame   0x00000cb4      0x6f4 ./FreeRTOS/efm32gg/tasks.o
 .debug_frame   0x000013a8      0x2d8 ./FreeRTOS/efm32gg/timers.o
 .debug_frame   0x00001680       0x2c ./emlib/em_assert.o
 .debug_frame   0x000016ac      0x66c ./emlib/em_cmu.o
 .debug_frame   0x00001d18      0x3c4 ./emlib/em_core.o
 .debug_frame   0x000020dc      0x3a0 ./emlib/em_emu.o
 .debug_frame   0x0000247c      0x1cc ./emlib/em_gpio.o
 .debug_frame   0x00002648      0x2bc ./emlib/em_lcd.o
 .debug_frame   0x00002904      0x380 ./emlib/em_usart.o
 .debug_frame   0x00002c84      0x17c ./src/lcd.o
 .debug_frame   0x00002e00       0x2c ./src/low_power_tick_management.o
 .debug_frame   0x00002e2c      0x110 ./src/main.o
 .debug_frame   0x00002f3c       0x90 ./src/movement.o
 .debug_frame   0x00002fcc      0x120 ./src/playground.o
 .debug_frame   0x000030ec       0xa8 ./src/segmentlcd_individual.o
 .debug_frame   0x00003194       0x20 c:/siliconlabs/simplicitystudio/v4/developer/toolchains/gnu_arm/7.2_2017q4/bin/../lib/gcc/arm-none-eabi/7.2.1/../../../../arm-none-eabi/lib/thumb/v7-m\libc_nano.a(lib_a-abs.o)
 .debug_frame   0x000031b4       0x28 c:/siliconlabs/simplicitystudio/v4/developer/toolchains/gnu_arm/7.2_2017q4/bin/../lib/gcc/arm-none-eabi/7.2.1/../../../../arm-none-eabi/lib/thumb/v7-m\libc_nano.a(lib_a-exit.o)
 .debug_frame   0x000031dc       0x2c c:/siliconlabs/simplicitystudio/v4/developer/toolchains/gnu_arm/7.2_2017q4/bin/../lib/gcc/arm-none-eabi/7.2.1/../../../../arm-none-eabi/lib/thumb/v7-m\libc_nano.a(lib_a-init.o)
 .debug_frame   0x00003208       0x28 c:/siliconlabs/simplicitystudio/v4/developer/toolchains/gnu_arm/7.2_2017q4/bin/../lib/gcc/arm-none-eabi/7.2.1/../../../../arm-none-eabi/lib/thumb/v7-m\libc_nano.a(lib_a-memcpy-stub.o)
 .debug_frame   0x00003230       0x20 c:/siliconlabs/simplicitystudio/v4/developer/toolchains/gnu_arm/7.2_2017q4/bin/../lib/gcc/arm-none-eabi/7.2.1/../../../../arm-none-eabi/lib/thumb/v7-m\libc_nano.a(lib_a-memset.o)
 .debug_frame   0x00003250       0x6c c:/siliconlabs/simplicitystudio/v4/developer/toolchains/gnu_arm/7.2_2017q4/bin/../lib/gcc/arm-none-eabi/7.2.1/../../../../arm-none-eabi/lib/thumb/v7-m\libc_nano.a(lib_a-sprintf.o)
 .debug_frame   0x000032bc       0x90 c:/siliconlabs/simplicitystudio/v4/developer/toolchains/gnu_arm/7.2_2017q4/bin/../lib/gcc/arm-none-eabi/7.2.1/../../../../arm-none-eabi/lib/thumb/v7-m\libc_nano.a(lib_a-nano-svfprintf.o)
 .debug_frame   0x0000334c       0x60 c:/siliconlabs/simplicitystudio/v4/developer/toolchains/gnu_arm/7.2_2017q4/bin/../lib/gcc/arm-none-eabi/7.2.1/../../../../arm-none-eabi/lib/thumb/v7-m\libc_nano.a(lib_a-nano-vfprintf_i.o)
 .debug_frame   0x000033ac       0x28 c:/siliconlabs/simplicitystudio/v4/developer/toolchains/gnu_arm/7.2_2017q4/bin/../lib/gcc/arm-none-eabi/7.2.1/../../../../arm-none-eabi/lib/thumb/v7-m\libc_nano.a(lib_a-memchr-stub.o)
 .debug_frame   0x000033d4       0x28 c:/siliconlabs/simplicitystudio/v4/developer/toolchains/gnu_arm/7.2_2017q4/bin/../lib/gcc/arm-none-eabi/7.2.1/../../../../arm-none-eabi/lib/thumb/v7-m\libc_nano.a(lib_a-memmove.o)
 .debug_frame   0x000033fc       0x38 c:/siliconlabs/simplicitystudio/v4/developer/toolchains/gnu_arm/7.2_2017q4/bin/../lib/gcc/arm-none-eabi/7.2.1/../../../../arm-none-eabi/lib/thumb/v7-m\libc_nano.a(lib_a-nano-freer.o)
 .debug_frame   0x00003434       0x2c c:/siliconlabs/simplicitystudio/v4/developer/toolchains/gnu_arm/7.2_2017q4/bin/../lib/gcc/arm-none-eabi/7.2.1/../../../../arm-none-eabi/lib/thumb/v7-m\libc_nano.a(lib_a-nano-mallocr.o)
 .debug_frame   0x00003460       0x3c c:/siliconlabs/simplicitystudio/v4/developer/toolchains/gnu_arm/7.2_2017q4/bin/../lib/gcc/arm-none-eabi/7.2.1/../../../../arm-none-eabi/lib/thumb/v7-m\libc_nano.a(lib_a-nano-reallocr.o)
 .debug_frame   0x0000349c       0x2c c:/siliconlabs/simplicitystudio/v4/developer/toolchains/gnu_arm/7.2_2017q4/bin/../lib/gcc/arm-none-eabi/7.2.1/../../../../arm-none-eabi/lib/thumb/v7-m\libc_nano.a(lib_a-sbrkr.o)
 .debug_frame   0x000034c8       0x30 c:/siliconlabs/simplicitystudio/v4/developer/toolchains/gnu_arm/7.2_2017q4/bin/../lib/gcc/arm-none-eabi/7.2.1/../../../../arm-none-eabi/lib/thumb/v7-m\libc_nano.a(lib_a-mlock.o)
 .debug_frame   0x000034f8       0x20 c:/siliconlabs/simplicitystudio/v4/developer/toolchains/gnu_arm/7.2_2017q4/bin/../lib/gcc/arm-none-eabi/7.2.1/../../../../arm-none-eabi/lib/thumb/v7-m\libc_nano.a(lib_a-nano-msizer.o)
 .debug_frame   0x00003518       0x5c c:/siliconlabs/simplicitystudio/v4/developer/toolchains/gnu_arm/7.2_2017q4/bin/../lib/gcc/arm-none-eabi/7.2.1/../../../../arm-none-eabi/lib/thumb/v7-m\libc_nano.a(lib_a-reent.o)
 .debug_frame   0x00003574       0x20 c:/siliconlabs/simplicitystudio/v4/developer/toolchains/gnu_arm/7.2_2017q4/bin/../lib/gcc/arm-none-eabi/7.2.1/../../../../arm-none-eabi/lib/thumb/v7-m\libnosys.a(sbrk.o)
 .debug_frame   0x00003594       0x20 c:/siliconlabs/simplicitystudio/v4/developer/toolchains/gnu_arm/7.2_2017q4/bin/../lib/gcc/arm-none-eabi/7.2.1/../../../../arm-none-eabi/lib/thumb/v7-m\libnosys.a(_exit.o)
